This is pdfTeX, Version 3.141592653-2.6-1.40.25 (TeX Live 2023/Debian) (preloaded format=pdflatex 2025.10.17)  4 JAN 2026 05:53
entering extended mode
 restricted \write18 enabled.
 %&-line parsing enabled.
**Global_Fractal_Correlations_in_GW_Noise_Preprint.tex
(./Global_Fractal_Correlations_in_GW_Noise_Preprint.tex
LaTeX2e <2023-11-01> patch level 1
L3 programming layer <2024-01-22>
(/usr/share/texlive/texmf-dist/tex/latex/base/article.cls
Document Class: article 2023/05/17 v1.4n Standard LaTeX document class
(/usr/share/texlive/texmf-dist/tex/latex/base/size11.clo
File: size11.clo 2023/05/17 v1.4n Standard LaTeX file (size option)
)
\c@part=\count187
\c@section=\count188
\c@subsection=\count189
\c@subsubsection=\count190
\c@paragraph=\count191
\c@subparagraph=\count192
\c@figure=\count193
\c@table=\count194
\abovecaptionskip=\skip48
\belowcaptionskip=\skip49
\bibindent=\dimen140
)
(/usr/share/texlive/texmf-dist/tex/latex/amsmath/amsmath.sty
Package: amsmath 2023/05/13 v2.17o AMS math features
\@mathmargin=\skip50

For additional information on amsmath, use the `?' option.
(/usr/share/texlive/texmf-dist/tex/latex/amsmath/amstext.sty
Package: amstext 2021/08/26 v2.01 AMS text

(/usr/share/texlive/texmf-dist/tex/latex/amsmath/amsgen.sty
File: amsgen.sty 1999/11/30 v2.0 generic functions
\@emptytoks=\toks17
\ex@=\dimen141
))
(/usr/share/texlive/texmf-dist/tex/latex/amsmath/amsbsy.sty
Package: amsbsy 1999/11/29 v1.2d Bold Symbols
\pmbraise@=\dimen142
)
(/usr/share/texlive/texmf-dist/tex/latex/amsmath/amsopn.sty
Package: amsopn 2022/04/08 v2.04 operator names
)
\inf@bad=\count195
LaTeX Info: Redefining \frac on input line 234.
\uproot@=\count196
\leftroot@=\count197
LaTeX Info: Redefining \overline on input line 399.
LaTeX Info: Redefining \colon on input line 410.
\classnum@=\count198
\DOTSCASE@=\count199
LaTeX Info: Redefining \ldots on input line 496.
LaTeX Info: Redefining \dots on input line 499.
LaTeX Info: Redefining \cdots on input line 620.
\Mathstrutbox@=\box51
\strutbox@=\box52
LaTeX Info: Redefining \big on input line 722.
LaTeX Info: Redefining \Big on input line 723.
LaTeX Info: Redefining \bigg on input line 724.
LaTeX Info: Redefining \Bigg on input line 725.
\big@size=\dimen143
LaTeX Font Info:    Redeclaring font encoding OML on input line 743.
LaTeX Font Info:    Redeclaring font encoding OMS on input line 744.
\macc@depth=\count266
LaTeX Info: Redefining \bmod on input line 905.
LaTeX Info: Redefining \pmod on input line 910.
LaTeX Info: Redefining \smash on input line 940.
LaTeX Info: Redefining \relbar on input line 970.
LaTeX Info: Redefining \Relbar on input line 971.
\c@MaxMatrixCols=\count267
\dotsspace@=\muskip16
\c@parentequation=\count268
\dspbrk@lvl=\count269
\tag@help=\toks18
\row@=\count270
\column@=\count271
\maxfields@=\count272
\andhelp@=\toks19
\eqnshift@=\dimen144
\alignsep@=\dimen145
\tagshift@=\dimen146
\tagwidth@=\dimen147
\totwidth@=\dimen148
\lineht@=\dimen149
\@envbody=\toks20
\multlinegap=\skip51
\multlinetaggap=\skip52
\mathdisplay@stack=\toks21
LaTeX Info: Redefining \[ on input line 2953.
LaTeX Info: Redefining \] on input line 2954.
)
(/usr/share/texlive/texmf-dist/tex/latex/amsfonts/amssymb.sty
Package: amssymb 2013/01/14 v3.01 AMS font symbols

(/usr/share/texlive/texmf-dist/tex/latex/amsfonts/amsfonts.sty
Package: amsfonts 2013/01/14 v3.01 Basic AMSFonts support
\symAMSa=\mathgroup4
\symAMSb=\mathgroup5
LaTeX Font Info:    Redeclaring math symbol \hbar on input line 98.
LaTeX Font Info:    Overwriting math alphabet `\mathfrak' in version `bold'
(Font)                  U/euf/m/n --> U/euf/b/n on input line 106.
))
(/usr/share/texlive/texmf-dist/tex/latex/graphics/graphicx.sty
Package: graphicx 2021/09/16 v1.2d Enhanced LaTeX Graphics (DPC,SPQR)

(/usr/share/texlive/texmf-dist/tex/latex/graphics/keyval.sty
Package: keyval 2022/05/29 v1.15 key=value parser (DPC)
\KV@toks@=\toks22
)
(/usr/share/texlive/texmf-dist/tex/latex/graphics/graphics.sty
Package: graphics 2022/03/10 v1.4e Standard LaTeX Graphics (DPC,SPQR)

(/usr/share/texlive/texmf-dist/tex/latex/graphics/trig.sty
Package: trig 2021/08/11 v1.11 sin cos tan (DPC)
)
(/usr/share/texlive/texmf-dist/tex/latex/graphics-cfg/graphics.cfg
File: graphics.cfg 2016/06/04 v1.11 sample graphics configuration
)
Package graphics Info: Driver file: pdftex.def on input line 107.

(/usr/share/texlive/texmf-dist/tex/latex/graphics-def/pdftex.def
File: pdftex.def 2022/09/22 v1.2b Graphics/color driver for pdftex
))
\Gin@req@height=\dimen150
\Gin@req@width=\dimen151
)
(/usr/share/texlive/texmf-dist/tex/latex/geometry/geometry.sty
Package: geometry 2020/01/02 v5.9 Page Geometry

(/usr/share/texlive/texmf-dist/tex/generic/iftex/ifvtex.sty
Package: ifvtex 2019/10/25 v1.7 ifvtex legacy package. Use iftex instead.

(/usr/share/texlive/texmf-dist/tex/generic/iftex/iftex.sty
Package: iftex 2022/02/03 v1.0f TeX engine tests
))
\Gm@cnth=\count273
\Gm@cntv=\count274
\c@Gm@tempcnt=\count275
\Gm@bindingoffset=\dimen152
\Gm@wd@mp=\dimen153
\Gm@odd@mp=\dimen154
\Gm@even@mp=\dimen155
\Gm@layoutwidth=\dimen156
\Gm@layoutheight=\dimen157
\Gm@layouthoffset=\dimen158
\Gm@layoutvoffset=\dimen159
\Gm@dimlist=\toks23
)
(/usr/share/texlive/texmf-dist/tex/latex/hyperref/hyperref.sty
Package: hyperref 2024-01-20 v7.01h Hypertext links for LaTeX

(/usr/share/texlive/texmf-dist/tex/latex/kvsetkeys/kvsetkeys.sty
Package: kvsetkeys 2022-10-05 v1.19 Key value parser (HO)
)
(/usr/share/texlive/texmf-dist/tex/generic/kvdefinekeys/kvdefinekeys.sty
Package: kvdefinekeys 2019-12-19 v1.6 Define keys (HO)
)
(/usr/share/texlive/texmf-dist/tex/generic/pdfescape/pdfescape.sty
Package: pdfescape 2019/12/09 v1.15 Implements pdfTeX's escape features (HO)

(/usr/share/texlive/texmf-dist/tex/generic/ltxcmds/ltxcmds.sty
Package: ltxcmds 2023-12-04 v1.26 LaTeX kernel commands for general use (HO)
)
(/usr/share/texlive/texmf-dist/tex/generic/pdftexcmds/pdftexcmds.sty
Package: pdftexcmds 2020-06-27 v0.33 Utility functions of pdfTeX for LuaTeX (HO
)

(/usr/share/texlive/texmf-dist/tex/generic/infwarerr/infwarerr.sty
Package: infwarerr 2019/12/03 v1.5 Providing info/warning/error messages (HO)
)
Package pdftexcmds Info: \pdf@primitive is available.
Package pdftexcmds Info: \pdf@ifprimitive is available.
Package pdftexcmds Info: \pdfdraftmode found.
))
(/usr/share/texlive/texmf-dist/tex/latex/hycolor/hycolor.sty
Package: hycolor 2020-01-27 v1.10 Color options for hyperref/bookmark (HO)
)
(/usr/share/texlive/texmf-dist/tex/latex/auxhook/auxhook.sty
Package: auxhook 2019-12-17 v1.6 Hooks for auxiliary files (HO)
)
(/usr/share/texlive/texmf-dist/tex/latex/hyperref/nameref.sty
Package: nameref 2023-11-26 v2.56 Cross-referencing by name of section

(/usr/share/texlive/texmf-dist/tex/latex/refcount/refcount.sty
Package: refcount 2019/12/15 v3.6 Data extraction from label references (HO)
)
(/usr/share/texlive/texmf-dist/tex/generic/gettitlestring/gettitlestring.sty
Package: gettitlestring 2019/12/15 v1.6 Cleanup title references (HO)

(/usr/share/texlive/texmf-dist/tex/latex/kvoptions/kvoptions.sty
Package: kvoptions 2022-06-15 v3.15 Key value format for package options (HO)
))
\c@section@level=\count276
)
(/usr/share/texlive/texmf-dist/tex/latex/etoolbox/etoolbox.sty
Package: etoolbox 2020/10/05 v2.5k e-TeX tools for LaTeX (JAW)
\etb@tempcnta=\count277
)
\@linkdim=\dimen160
\Hy@linkcounter=\count278
\Hy@pagecounter=\count279

(/usr/share/texlive/texmf-dist/tex/latex/hyperref/pd1enc.def
File: pd1enc.def 2024-01-20 v7.01h Hyperref: PDFDocEncoding definition (HO)
Now handling font encoding PD1 ...
... no UTF-8 mapping file for font encoding PD1
)
(/usr/share/texlive/texmf-dist/tex/generic/intcalc/intcalc.sty
Package: intcalc 2019/12/15 v1.3 Expandable calculations with integers (HO)
)
\Hy@SavedSpaceFactor=\count280

(/usr/share/texlive/texmf-dist/tex/latex/hyperref/puenc.def
File: puenc.def 2024-01-20 v7.01h Hyperref: PDF Unicode definition (HO)
Now handling font encoding PU ...
... no UTF-8 mapping file for font encoding PU
)
Package hyperref Info: Hyper figures OFF on input line 4179.
Package hyperref Info: Link nesting OFF on input line 4184.
Package hyperref Info: Hyper index ON on input line 4187.
Package hyperref Info: Plain pages OFF on input line 4194.
Package hyperref Info: Backreferencing OFF on input line 4199.
Package hyperref Info: Implicit mode ON; LaTeX internals redefined.
Package hyperref Info: Bookmarks ON on input line 4446.
\c@Hy@tempcnt=\count281

(/usr/share/texlive/texmf-dist/tex/latex/url/url.sty
\Urlmuskip=\muskip17
Package: url 2013/09/16  ver 3.4  Verb mode for urls, etc.
)
LaTeX Info: Redefining \url on input line 4784.
\XeTeXLinkMargin=\dimen161

(/usr/share/texlive/texmf-dist/tex/generic/bitset/bitset.sty
Package: bitset 2019/12/09 v1.3 Handle bit-vector datatype (HO)

(/usr/share/texlive/texmf-dist/tex/generic/bigintcalc/bigintcalc.sty
Package: bigintcalc 2019/12/15 v1.5 Expandable calculations on big integers (HO
)
))
\Fld@menulength=\count282
\Field@Width=\dimen162
\Fld@charsize=\dimen163
Package hyperref Info: Hyper figures OFF on input line 6063.
Package hyperref Info: Link nesting OFF on input line 6068.
Package hyperref Info: Hyper index ON on input line 6071.
Package hyperref Info: backreferencing OFF on input line 6078.
Package hyperref Info: Link coloring OFF on input line 6083.
Package hyperref Info: Link coloring with OCG OFF on input line 6088.
Package hyperref Info: PDF/A mode OFF on input line 6093.

(/usr/share/texlive/texmf-dist/tex/latex/base/atbegshi-ltx.sty
Package: atbegshi-ltx 2021/01/10 v1.0c Emulation of the original atbegshi
package with kernel methods
)
\Hy@abspage=\count283
\c@Item=\count284
\c@Hfootnote=\count285
)
Package hyperref Info: Driver (autodetected): hpdftex.

(/usr/share/texlive/texmf-dist/tex/latex/hyperref/hpdftex.def
File: hpdftex.def 2024-01-20 v7.01h Hyperref driver for pdfTeX

(/usr/share/texlive/texmf-dist/tex/latex/base/atveryend-ltx.sty
Package: atveryend-ltx 2020/08/19 v1.0a Emulation of the original atveryend pac
kage
with kernel methods
)
\Fld@listcount=\count286
\c@bookmark@seq@number=\count287

(/usr/share/texlive/texmf-dist/tex/latex/rerunfilecheck/rerunfilecheck.sty
Package: rerunfilecheck 2022-07-10 v1.10 Rerun checks for auxiliary files (HO)

(/usr/share/texlive/texmf-dist/tex/generic/uniquecounter/uniquecounter.sty
Package: uniquecounter 2019/12/15 v1.4 Provide unlimited unique counter (HO)
)
Package uniquecounter Info: New unique counter `rerunfilecheck' on input line 2
85.
)
\Hy@SectionHShift=\skip53
)
(/usr/share/texlive/texmf-dist/tex/latex/booktabs/booktabs.sty
Package: booktabs 2020/01/12 v1.61803398 Publication quality tables
\heavyrulewidth=\dimen164
\lightrulewidth=\dimen165
\cmidrulewidth=\dimen166
\belowrulesep=\dimen167
\belowbottomsep=\dimen168
\aboverulesep=\dimen169
\abovetopsep=\dimen170
\cmidrulesep=\dimen171
\cmidrulekern=\dimen172
\defaultaddspace=\dimen173
\@cmidla=\count288
\@cmidlb=\count289
\@aboverulesep=\dimen174
\@belowrulesep=\dimen175
\@thisruleclass=\count290
\@lastruleclass=\count291
\@thisrulewidth=\dimen176
)
(/usr/share/texlive/texmf-dist/tex/latex/tools/longtable.sty
Package: longtable 2023-11-01 v4.19 Multi-page Table package (DPC)
\LTleft=\skip54
\LTright=\skip55
\LTpre=\skip56
\LTpost=\skip57
\LTchunksize=\count292
\LTcapwidth=\dimen177
\LT@head=\box53
\LT@firsthead=\box54
\LT@foot=\box55
\LT@lastfoot=\box56
\LT@gbox=\box57
\LT@cols=\count293
\LT@rows=\count294
\c@LT@tables=\count295
\c@LT@chunks=\count296
\LT@p@ftn=\toks24
)
(/usr/share/texlive/texmf-dist/tex/latex/float/float.sty
Package: float 2001/11/08 v1.3d Float enhancements (AL)
\c@float@type=\count297
\float@exts=\toks25
\float@box=\box58
\@float@everytoks=\toks26
\@floatcapt=\box59
)
(/usr/share/texlive/texmf-dist/tex/latex/graphics/color.sty
Package: color 2022/01/06 v1.3d Standard LaTeX Color (DPC)

(/usr/share/texlive/texmf-dist/tex/latex/graphics-cfg/color.cfg
File: color.cfg 2016/01/02 v1.6 sample color configuration
)
Package color Info: Driver file: pdftex.def on input line 149.

(/usr/share/texlive/texmf-dist/tex/latex/graphics/mathcolor.ltx))
(/usr/share/texlive/texmf-dist/tex/latex/setspace/setspace.sty
Package: setspace 2022/12/04 v6.7b set line spacing
)
(/usr/share/texlive/texmf-dist/tex/latex/cite/cite.sty
LaTeX Info: Redefining \cite on input line 302.
LaTeX Info: Redefining \nocite on input line 332.
Package: cite 2015/02/27  v 5.5
)
(/usr/share/texlive/texmf-dist/tex/latex/preprint/authblk.sty
Package: authblk 2001/02/27 1.3 (PWD)
\affilsep=\skip58
\@affilsep=\skip59
\c@Maxaffil=\count298
\c@authors=\count299
\c@affil=\count300
)
(/usr/share/texlive/texmf-dist/tex/latex/enumitem/enumitem.sty
Package: enumitem 2019/06/20 v3.9 Customized lists
\labelindent=\skip60
\enit@outerparindent=\dimen178
\enit@toks=\toks27
\enit@inbox=\box60
\enit@count@id=\count301
\enitdp@description=\count302
)
(/usr/share/texlive/texmf-dist/tex/latex/l3backend/l3backend-pdftex.def
File: l3backend-pdftex.def 2024-01-04 L3 backend support: PDF output (pdfTeX)
\l__color_backend_stack_int=\count303
\l__pdf_internal_box=\box61
)
(./Global_Fractal_Correlations_in_GW_Noise_Preprint.aux)
\openout1 = `Global_Fractal_Correlations_in_GW_Noise_Preprint.aux'.

LaTeX Font Info:    Checking defaults for OML/cmm/m/it on input line 41.
LaTeX Font Info:    ... okay on input line 41.
LaTeX Font Info:    Checking defaults for OMS/cmsy/m/n on input line 41.
LaTeX Font Info:    ... okay on input line 41.
LaTeX Font Info:    Checking defaults for OT1/cmr/m/n on input line 41.
LaTeX Font Info:    ... okay on input line 41.
LaTeX Font Info:    Checking defaults for T1/cmr/m/n on input line 41.
LaTeX Font Info:    ... okay on input line 41.
LaTeX Font Info:    Checking defaults for TS1/cmr/m/n on input line 41.
LaTeX Font Info:    ... okay on input line 41.
LaTeX Font Info:    Checking defaults for OMX/cmex/m/n on input line 41.
LaTeX Font Info:    ... okay on input line 41.
LaTeX Font Info:    Checking defaults for U/cmr/m/n on input line 41.
LaTeX Font Info:    ... okay on input line 41.
LaTeX Font Info:    Checking defaults for PD1/pdf/m/n on input line 41.
LaTeX Font Info:    ... okay on input line 41.
LaTeX Font Info:    Checking defaults for PU/pdf/m/n on input line 41.
LaTeX Font Info:    ... okay on input line 41.

(/usr/share/texlive/texmf-dist/tex/context/base/mkii/supp-pdf.mkii
[Loading MPS to PDF converter (version 2006.09.02).]
\scratchcounter=\count304
\scratchdimen=\dimen179
\scratchbox=\box62
\nofMPsegments=\count305
\nofMParguments=\count306
\everyMPshowfont=\toks28
\MPscratchCnt=\count307
\MPscratchDim=\dimen180
\MPnumerator=\count308
\makeMPintoPDFobject=\count309
\everyMPtoPDFconversion=\toks29
) (/usr/share/texlive/texmf-dist/tex/latex/epstopdf-pkg/epstopdf-base.sty
Package: epstopdf-base 2020-01-24 v2.11 Base part for package epstopdf
Package epstopdf-base Info: Redefining graphics rule for `.eps' on input line 4
85.

(/usr/share/texlive/texmf-dist/tex/latex/latexconfig/epstopdf-sys.cfg
File: epstopdf-sys.cfg 2010/07/13 v1.3 Configuration of (r)epstopdf for TeX Liv
e
))
*geometry* driver: auto-detecting
*geometry* detected driver: pdftex
*geometry* verbose mode - [ preamble ] result:
* driver: pdftex
* paper: a4paper
* layout: <same size as paper>
* layoutoffset:(h,v)=(0.0pt,0.0pt)
* modes: 
* h-part:(L,W,R)=(72.26999pt, 452.9679pt, 72.26999pt)
* v-part:(T,H,B)=(72.26999pt, 700.50687pt, 72.26999pt)
* \paperwidth=597.50787pt
* \paperheight=845.04684pt
* \textwidth=452.9679pt
* \textheight=700.50687pt
* \oddsidemargin=0.0pt
* \evensidemargin=0.0pt
* \topmargin=-37.0pt
* \headheight=12.0pt
* \headsep=25.0pt
* \topskip=11.0pt
* \footskip=30.0pt
* \marginparwidth=50.0pt
* \marginparsep=10.0pt
* \columnsep=10.0pt
* \skip\footins=10.0pt plus 4.0pt minus 2.0pt
* \hoffset=0.0pt
* \voffset=0.0pt
* \mag=1000
* \@twocolumnfalse
* \@twosidefalse
* \@mparswitchfalse
* \@reversemarginfalse
* (1in=72.27pt=25.4mm, 1cm=28.453pt)

Package hyperref Info: Link coloring OFF on input line 41.
(./Global_Fractal_Correlations_in_GW_Noise_Preprint.out)
(./Global_Fractal_Correlations_in_GW_Noise_Preprint.out)
\@outlinefile=\write3
\openout3 = `Global_Fractal_Correlations_in_GW_Noise_Preprint.out'.

LaTeX Font Info:    Trying to load font information for U+msa on input line 50.


(/usr/share/texlive/texmf-dist/tex/latex/amsfonts/umsa.fd
File: umsa.fd 2013/01/14 v3.01 AMS symbols A
)
LaTeX Font Info:    Trying to load font information for U+msb on input line 50.


(/usr/share/texlive/texmf-dist/tex/latex/amsfonts/umsb.fd
File: umsb.fd 2013/01/14 v3.01 AMS symbols B
)
Overfull \hbox (12.70802pt too wide) in paragraph at lines 54--56
[]\OT1/cmr/m/n/10 Guided by the in-tu-ition that \OT1/cmr/m/it/10 In-for-ma-tio
n \OT1/cmr/m/n/10 is the fun-da-men-tal sub-stance of re-al-ity|consistent
 []

[1

{/var/lib/texmf/fonts/map/pdftex/updmap/pdftex.map}]
Overfull \hbox (4.07347pt too wide) in paragraph at lines 72--73
\OT1/cmr/m/n/10.95 robust cor-re-la-tion per-sist-ing across de-tec-tors and ep
ochs would there-fore de-mand care-ful scrutiny. 
 []

[2]
! Missing $ inserted.
<inserted text> 
                $
l.94 ...ilable data-quality flags (\texttt{*_DATA}
                                                  ), ensuring that all analy...
I've inserted a begin-math/end-math symbol since I think
you left one out. Proceed, with fingers crossed.

! Extra }, or forgotten $.
<recently read> \egroup 
                        
l.94 ...ilable data-quality flags (\texttt{*_DATA}
                                                  ), ensuring that all analy...
I've deleted a group-closing symbol because it seems to be
spurious, as in `$x}$'. But perhaps the } is legitimate and
you forgot something else, as in `\hbox{$x}'. In such cases
the way to recover is to insert both the forgotten and the
deleted material, e.g., by typing `I$}'.

! Missing $ inserted.
<inserted text> 
                $
l.95 
     
I've inserted a begin-math/end-math symbol since I think
you left one out. Proceed, with fingers crossed.


Overfull \hbox (129.12756pt too wide) in paragraph at lines 94--95
\OT1/cmr/m/n/10.95 pub-licly avail-able data-quality flags (\OT1/cmtt/m/n/10.95
 *$[]\OML/cmm/m/it/10.95 ATA\OT1/cmr/m/n/10.95 )\OML/cmm/m/it/10.95 ; ensuringt
hatallanalyzedintervalscorrespondtovalidateddetectoroperation:$ 
 []


Overfull \hbox (1.17844pt too wide) in paragraph at lines 97--98
\OT1/cmtt/m/n/10.95 All raw strain data are fetched programmatically using the 
gwpy framework. For
 []


Overfull \hbox (1.17844pt too wide) in paragraph at lines 97--98
\OT1/cmtt/m/n/10.95 each detector and epoch, the longest contiguous science-mod
e segment within the
 []


Overfull \hbox (1.17844pt too wide) in paragraph at lines 97--98
\OT1/cmtt/m/n/10.95 specified GPS range is identified. A conservative offset of
 100 s from segment
 []


Overfull \hbox (35.4245pt too wide) in paragraph at lines 99--100
[]\OT1/cmtt/m/n/10.95 Downloaded strain data are cached locally to ensure repro
ducibility and to prevent
 []


Overfull \hbox (41.41925pt too wide) in paragraph at lines 99--100
\OT1/cmtt/m/n/10.95 repeated network queries. Each cached file includes metadat
a specifying the detector,
 []


Overfull \hbox (24.1732pt too wide) in paragraph at lines 106--107
[]\OT1/cmtt/m/n/10.95 Notch filtering at 60 Hz and its harmonics to suppress po
wer-line contamination; 
 []


Overfull \hbox (23.92712pt too wide) in paragraph at lines 110--111
[]\OT1/cmtt/m/n/10.95 No whitening is applied prior to fractal analysis, as whi
tening can artificially
 []


Overfull \hbox (11.17029pt too wide) in paragraph at lines 116--117
\OT1/cmtt/m/n/10.95 Long-range temporal correlations are quantified using the H
urst exponent $\OML/cmm/m/it/10.95 H$\OT1/cmtt/m/n/10.95 . For
 []


Overfull \hbox (12.65332pt too wide) in paragraph at lines 116--117
\OT1/cmtt/m/n/10.95 a stationary stochastic process $\OML/cmm/m/it/10.95 x\OT1/
cmr/m/n/10.95 (\OML/cmm/m/it/10.95 t\OT1/cmr/m/n/10.95 )$\OT1/cmtt/m/n/10.95 , 
$\OML/cmm/m/it/10.95 H$ \OT1/cmtt/m/n/10.95 characterizes the scaling of fluctu
ations
 []


Overfull \hbox (41.41925pt too wide) in paragraph at lines 119--120
\OT1/cmtt/m/n/10.95 Throughout Phase 16, we employ a multi-scale rescaled-range
 (R/S) estimator to compute
 []

[3]
Overfull \hbox (0.77676pt too wide) in paragraph at lines 122--124
\OT1/cmtt/m/n/10.95 where $\OML/cmm/m/it/10.95 Z[]$ \OT1/cmtt/m/n/10.95 is the 
cumulative sum of demeaned data within the window and $\OML/cmm/m/it/10.95 ^^[[
]$ \OT1/cmtt/m/n/10.95 is the
 []


Overfull \hbox (0.93237pt too wide) in paragraph at lines 128--129
[]\OT1/cmtt/m/n/10.95 Multiple window sizes logarithmically spaced across each 
dataset are used to
 []


Overfull \hbox (1.17844pt too wide) in paragraph at lines 131--132
\OT1/cmtt/m/n/10.95 To probe shared temporal structure between detectors, we de
fine a cross-process
 []


Overfull \hbox (6.92712pt too wide) in paragraph at lines 131--132
\OT1/cmtt/m/n/10.95 difference process quantifies the degree of correlated memo
ry between detectors. 
 []

LaTeX Font Info:    Font shape `OT1/cmtt/bx/n' in size <10.95> not available
(Font)              Font shape `OT1/cmtt/m/n' tried instead on input line 136.

Overfull \hbox (18.42451pt too wide) in paragraph at lines 136--137
[]\OT1/cmtt/m/n/10.95 Temporal shuffling, which preserves the amplitude distrib
ution but destroys all
 []


Overfull \hbox (29.92189pt too wide) in paragraph at lines 137--138
[]\OT1/cmtt/m/n/10.95 Phase randomization, which preserves the power spectral d
ensity but removes phase
 []


Overfull \hbox (12.42975pt too wide) in paragraph at lines 140--141
[]\OT1/cmtt/m/n/10.95 Comparing real data to these surrogates allows discrimina
tion between spectral
 []


Overfull \hbox (41.41925pt too wide) in paragraph at lines 146--147
\OT1/cmtt/m/n/10.95 Table []1[] summarizes the full sequence of analyses perfor
med in Phase 16 of the QW--1660
 []


Overfull \hbox (6.92712pt too wide) in paragraph at lines 146--147
\OT1/cmtt/m/n/10.95 program, from v5 through v24. Each version introduces a dis
tinct methodological
 []


Overfull \hbox (6.92712pt too wide) in paragraph at lines 146--147
\OT1/cmtt/m/n/10.95 test designed to progressively constrain alternative explan
ations and strengthen
 []


Overfull \hbox (3.25215pt too wide) in paragraph at lines 151--151
[]|\OT1/cmtt/m/n/10.95 Version| 
 []


Underfull \hbox (badness 10000) in paragraph at lines 151--152
[]|\OT1/cmtt/m/n/10.95 Quantitative
 []


Underfull \hbox (badness 10000) in paragraph at lines 153--153
[]|\OT1/cmtt/m/n/10.95 Single-detector fractal
 []


Underfull \hbox (badness 10000) in paragraph at lines 154--154
[]|\OT1/cmtt/m/n/10.95 Single-detector fractal
 []


Underfull \hbox (badness 10000) in paragraph at lines 155--155
[]|\OT1/cmtt/m/n/10.95 Single-detector fractal
 []


Underfull \hbox (badness 10000) in paragraph at lines 156--157
[]|\OT1/cmtt/m/n/10.95 No systematic
 []


Underfull \hbox (badness 10000) in paragraph at lines 157--158
[]|\OT1/cmtt/m/n/10.95 Power-law
 []


Underfull \hbox (badness 10000) in paragraph at lines 157--158
\OT1/cmtt/m/n/10.95 scaling
 []


Underfull \hbox (badness 10000) in paragraph at lines 161--162
[]|$\OML/cmm/m/it/10.95 H$ \OT1/cmtt/m/n/10.95 invariant
 []


Underfull \hbox (badness 10000) in paragraph at lines 162--162
[]|\OT1/cmtt/m/n/10.95 Notch filter stress
 []


Underfull \hbox (badness 10000) in paragraph at lines 162--163
[]|\OT1/cmtt/m/n/10.95 No change in
 []


Underfull \hbox (badness 10000) in paragraph at lines 163--164
[]|\OT1/cmtt/m/n/10.95 No transient
 []


Underfull \hbox (badness 10000) in paragraph at lines 165--166
[]|\OT1/cmtt/m/n/10.95 Partial memory
 []


Underfull \hbox (badness 10000) in paragraph at lines 168--169
[]|\OT1/cmtt/m/n/10.95 Stable $\OML/cmm/m/it/10.95 H$ \OT1/cmtt/m/n/10.95 acros
s
 []


Underfull \hbox (badness 10000) in paragraph at lines 169--170
[]|\OT1/cmtt/m/n/10.95 Identical
 []


Underfull \hbox (badness 10000) in paragraph at lines 170--171
[]|\OT1/cmtt/m/n/10.95 Bitwise
 []


Underfull \hbox (badness 10000) in paragraph at lines 172--173
[]|\OT1/cmtt/m/n/10.95 Phase survives,
 []

[4]
Overfull \hbox (1.17844pt too wide) in paragraph at lines 179--180
\OT1/cmtt/m/n/10.95 Across all detectors and epochs, estimated Hurst exponents 
cluster in the range
 []


Overfull \hbox (28.5541pt too wide) in paragraph at lines 179--180
\OML/cmm/m/it/10.95 H \OMS/cmsy/m/n/10.95 ^^Y \OT1/cmr/m/n/10.95 0\OML/cmm/m/it
/10.95 :\OT1/cmr/m/n/10.95 27$\OT1/cmtt/m/n/10.95 --$\OT1/cmr/m/n/10.95 0\OML/c
mm/m/it/10.95 :\OT1/cmr/m/n/10.95 36$\OT1/cmtt/m/n/10.95 , significantly below 
the Brownian value $\OML/cmm/m/it/10.95 H \OT1/cmr/m/n/10.95 = 0\OML/cmm/m/it/1
0.95 :\OT1/cmr/m/n/10.95 5$\OT1/cmtt/m/n/10.95 . This anti-persistent
 []


Overfull \hbox (28.41635pt too wide) in paragraph at lines 182--183
\OT1/cmtt/m/n/10.95 Cross-epoch consistency of $\OML/cmm/m/it/10.95 H$ \OT1/cmt
t/m/n/10.95 is observed for all detectors, indicating that fractal
 []

[5]
Overfull \hbox (18.4245pt too wide) in paragraph at lines 185--186
\OT1/cmtt/m/n/10.95 Quantitative cross-Hurst exponents obtained in v23--v24 are
 summarized in Table []2[].
 []


Overfull \hbox (47.16794pt too wide) in paragraph at lines 185--186
\OT1/cmtt/m/n/10.95 These values are derived from shared 512 s raw-strain windo
ws, identically preprocessed
 []


Overfull \hbox (12.67581pt too wide) in paragraph at lines 203--204
\OT1/cmtt/m/n/10.95 Temporal shuffling drives both single-detector and cross-de
tector Hurst exponents
 []


Overfull \hbox (3.67274pt too wide) in paragraph at lines 203--204
\OT1/cmtt/m/n/10.95 toward $\OT1/cmr/m/n/10.95 0\OML/cmm/m/it/10.95 :\OT1/cmr/m
/n/10.95 5$\OT1/cmtt/m/n/10.95 , confirming that the observed structure depends
 on temporal ordering.
 []


Overfull \hbox (58.66531pt too wide) in paragraph at lines 203--204
\OT1/cmtt/m/n/10.95 Phase-randomized surrogates preserve a significant fraction
 of the observed correlations,
 []


Overfull \hbox (1.17844pt too wide) in paragraph at lines 207--208
\OT1/cmtt/m/n/10.95 The combined results establish the presence of global, scal
e-invariant temporal
 []


Overfull \hbox (41.41925pt too wide) in paragraph at lines 207--208
\OT1/cmtt/m/n/10.95 correlations in gravitational-wave strain data. The persist
ence of these correlations
 []


Overfull \hbox (29.92188pt too wide) in paragraph at lines 207--208
\OT1/cmtt/m/n/10.95 across detectors, epochs, and null tests suggests a collect
ive statistical structure
 []


Overfull \hbox (29.67581pt too wide) in paragraph at lines 209--210
[]\OT1/cmtt/m/n/10.95 Several conservative interpretations remain viable, inclu
ding subtle network-wide
 []


Overfull \hbox (75.91138pt too wide) in paragraph at lines 209--210
\OT1/cmtt/m/n/10.95 environmental couplings or emergent statistical constraints
 in interferometric measurements.
 []


Overfull \hbox (1.17844pt too wide) in paragraph at lines 209--210
\OT1/cmtt/m/n/10.95 At the same time, the results are consistent with broader t
heoretical proposals
 []


Overfull \hbox (75.91138pt too wide) in paragraph at lines 209--210
\OT1/cmtt/m/n/10.95 in which spacetime fluctuations possess intrinsic informati
onal or holographic organization. 
 []


Overfull \hbox (35.67056pt too wide) in paragraph at lines 213--214
\OT1/cmtt/m/n/10.95 We have conducted a systematic and progressively constraine
d investigation of fractal
 []


Overfull \hbox (47.16794pt too wide) in paragraph at lines 213--214
\OT1/cmtt/m/n/10.95 temporal correlations in gravitational-wave detector strain
 data, encompassing Phase 16
 []


Overfull \hbox (41.41925pt too wide) in paragraph at lines 213--214
\OT1/cmtt/m/n/10.95 of the QW--1660 program (v5--v24). By combining single-dete
ctor analysis, cross-epoch
 []


Overfull \hbox (41.41925pt too wide) in paragraph at lines 213--214
\OT1/cmtt/m/n/10.95 stability tests, cross-detector and cross-Hurst measurement
s, and stringent null-model
 []


Overfull \hbox (18.4245pt too wide) in paragraph at lines 213--214
\OT1/cmtt/m/n/10.95 validation, we have subjected the hypothesis of global frac
tal structure to a wide
 []


Overfull \hbox (58.41925pt too wide) in paragraph at lines 215--216
[]\OT1/cmtt/m/n/10.95 Our results demonstrate that individual detectors consist
ently exhibit anti-persistent
 []


Overfull \hbox (55.41093pt too wide) in paragraph at lines 215--216
\OT1/cmtt/m/n/10.95 fractal scaling with Hurst exponents significantly below $\
OT1/cmr/m/n/10.95 0\OML/cmm/m/it/10.95 :\OT1/cmr/m/n/10.95 5$\OT1/cmtt/m/n/10.9
5 , stable across observational
 []


Overfull \hbox (41.41925pt too wide) in paragraph at lines 215--216
\OT1/cmtt/m/n/10.95 epochs and analysis windows. More importantly, we find non-
zero cross-Hurst exponents
 []


Overfull \hbox (47.16794pt too wide) in paragraph at lines 215--216
\OT1/cmtt/m/n/10.95 between spatially separated detectors (H1--L1, H1--V1, and 
L1--V1). These correlations
 []


Overfull \hbox (41.41925pt too wide) in paragraph at lines 215--216
\OT1/cmtt/m/n/10.95 are not eliminated by phase randomization, which preserves 
the power spectral density,
 []


Overfull \hbox (29.92188pt too wide) in paragraph at lines 215--216
\OT1/cmtt/m/n/10.95 but are strongly suppressed by temporal shuffling, which de
stroys long-range memory. 
 []

[6
pdfTeX warning (ext4): destination with the same identifier (name{table.2}) has
 been already used, duplicate ignored
<argument> ...shipout:D \box_use:N \l_shipout_box 
                                                  \__shipout_drop_firstpage_...
l.216 
      ]
Overfull \hbox (46.92188pt too wide) in paragraph at lines 217--218
[]\OT1/cmtt/m/n/10.95 This combination of behaviors rules out explanations base
d solely on shared spectral
 []


Overfull \hbox (29.92188pt too wide) in paragraph at lines 217--218
\OT1/cmtt/m/n/10.95 content, stationary Gaussian noise, or coincident transient
 contamination. Instead,
 []


Overfull \hbox (6.92712pt too wide) in paragraph at lines 217--218
\OT1/cmtt/m/n/10.95 it indicates the presence of a phase-robust, long-range tem
poral organization in
 []


Overfull \hbox (46.92188pt too wide) in paragraph at lines 219--220
[]\OT1/cmtt/m/n/10.95 At the same time, no inconsistency with General Relativit
y is implied. The observed
 []


Overfull \hbox (12.67581pt too wide) in paragraph at lines 219--220
\OT1/cmtt/m/n/10.95 effects pertain to the statistical structure of fluctuation
s rather than to local
 []


Overfull \hbox (35.67056pt too wide) in paragraph at lines 219--220
\OT1/cmtt/m/n/10.95 dynamical laws. Within this context, the results are compat
ible with interpretations
 []


Overfull \hbox (1.17844pt too wide) in paragraph at lines 219--220
\OT1/cmtt/m/n/10.95 in which spacetime exhibits emergent, informational, or hol
ographic statistical
 []


Overfull \hbox (6.68106pt too wide) in paragraph at lines 221--222
[]\OT1/cmtt/m/n/10.95 The primary contribution of this work is methodological a
s well as empirical.
 []


Overfull \hbox (6.92712pt too wide) in paragraph at lines 221--222
\OT1/cmtt/m/n/10.95 We provide a fully reproducible framework for probing long-
range correlations in
 []


Overfull \hbox (12.67581pt too wide) in paragraph at lines 221--222
\OT1/cmtt/m/n/10.95 gravitational-wave data that complements traditional spectr
al and transient-based
 []


Overfull \hbox (12.67581pt too wide) in paragraph at lines 221--222
\OT1/cmtt/m/n/10.95 analyses. Future work should extend these methods to longer
 O4 datasets, include
 []


Overfull \hbox (1.17844pt too wide) in paragraph at lines 221--222
\OT1/cmtt/m/n/10.95 additional environmental veto channels, and explore alterna
tive estimators such
 []


Overfull \hbox (69.91663pt too wide) in paragraph at lines 223--224
[]\OT1/cmtt/m/n/10.95 In summary, Phase 16 of QW--1660 establishes robust evide
nce for global, scale-invariant
 []


Overfull \hbox (47.16794pt too wide) in paragraph at lines 223--224
\OT1/cmtt/m/n/10.95 temporal correlations in gravitational-wave detector noise.
 Whether these correlations
 []


Overfull \hbox (24.17319pt too wide) in paragraph at lines 223--224
\OT1/cmtt/m/n/10.95 ultimately reflect deep properties of spacetime or subtle c
ollective effects within
 []


Overfull \hbox (70.16269pt too wide) in paragraph at lines 223--224
\OT1/cmtt/m/n/10.95 the detector network remains an open question, but one that
 merits continued investigation. 
 []


Overfull \hbox (35.67056pt too wide) in paragraph at lines 227--230
\OT1/cmtt/m/n/10.95 The full analysis pipeline, including raw data acquisition 
and null-testing protocols
 []


Overfull \hbox (39.17056pt too wide) in paragraph at lines 227--230
[]$\OT1/cmtt/m/n/10.95 https : / / www . kaggle . com / code / krzysztofzuchows
ki / phase-[]16-[]raw-[]strain-[]qw-[]1660-[]v5-[]fractal$[] 
 []


Overfull \hbox (24.17319pt too wide) in paragraph at lines 227--230
\OT1/cmtt/m/n/10.95 RUN FIRST QW-1660 v2 !!!!!!Data required by v5-v24 scripts 
is retrieved via QW-1660
 []


Overfull \hbox (12.67581pt too wide) in paragraph at lines 235--236
\OT1/cmtt/m/n/10.95 All analyses in Phase 16 (v5--v24) were executed using Pyth
on 3.11 on Linux-based
 []


Overfull \hbox (35.67056pt too wide) in paragraph at lines 235--236
\OT1/cmtt/m/n/10.95 environments (Kaggle and local workstations). Core dependen
cies include gwpy, numpy,
 []


Overfull \hbox (29.92188pt too wide) in paragraph at lines 235--236
\OT1/cmtt/m/n/10.95 scipy, h5py, and matplotlib. Random seeds for surrogate gen
eration were fixed where
 []


Overfull \hbox (1.17844pt too wide) in paragraph at lines 235--236
\OT1/cmtt/m/n/10.95 applicable. Raw strain segments were cached locally and ver
ified via checksums
 []


Overfull \hbox (24.17319pt too wide) in paragraph at lines 238--239
\OT1/cmtt/m/n/10.95 While the present study establishes robust evidence for pha
se-robust cross-detector
 []


Overfull \hbox (6.92712pt too wide) in paragraph at lines 238--239
\OT1/cmtt/m/n/10.95 fractal correlations, several limitations remain. The analy
sis is restricted to
 []


Overfull \hbox (35.67056pt too wide) in paragraph at lines 238--239
\OT1/cmtt/m/n/10.95 relatively short (512 s) contiguous segments. Longer window
s, alternative estimators
 []


Overfull \hbox (6.92712pt too wide) in paragraph at lines 238--239
\OT1/cmtt/m/n/10.95 such as DFA or wavelet-based methods, and explicit conditio
ning on environmental
 []


Overfull \hbox (24.17319pt too wide) in paragraph at lines 238--239
\OT1/cmtt/m/n/10.95 channels constitute natural extensions. Additionally, futur
e O4 data releases will
 []

[7] [8] (./Global_Fractal_Correlations_in_GW_Noise_Preprint.aux)
 ***********
LaTeX2e <2023-11-01> patch level 1
L3 programming layer <2024-01-22>
 ***********
Package rerunfilecheck Info: File `Global_Fractal_Correlations_in_GW_Noise_Prep
rint.out' has not changed.
(rerunfilecheck)             Checksum: AA6E28A7AD9ACD09B567512E4F07804E;4011.
 )
(\end occurred inside a group at level 1)

### simple group (level 1) entered at line 94 ({)
### bottom level 
Here is how much of TeX's memory you used:
 10982 strings out of 476182
 167502 string characters out of 5795594
 1944975 words of memory out of 5000000
 32799 multiletter control sequences out of 15000+600000
 569465 words of font info for 80 fonts, out of 8000000 for 9000
 14 hyphenation exceptions out of 8191
 75i,11n,79p,682b,653s stack positions out of 10000i,1000n,20000p,200000b,200000s
 </home/krzysiek/.texlive2023/texmf-var/fonts/pk/ljfour/jknappe
n/ec/tcrm1095.600pk></usr/share/texlive/texmf-dist/fonts/type1/public/amsfonts/
cm/cmbx10.pfb></usr/share/texlive/texmf-dist/fonts/type1/public/amsfonts/cm/cmb
x12.pfb></usr/share/texlive/texmf-dist/fonts/type1/public/amsfonts/cm/cmmi10.pf
b></usr/share/texlive/texmf-dist/fonts/type1/public/amsfonts/cm/cmmi8.pfb></usr
/share/texlive/texmf-dist/fonts/type1/public/amsfonts/cm/cmr10.pfb></usr/share/
texlive/texmf-dist/fonts/type1/public/amsfonts/cm/cmr12.pfb></usr/share/texlive
/texmf-dist/fonts/type1/public/amsfonts/cm/cmr8.pfb></usr/share/texlive/texmf-d
ist/fonts/type1/public/amsfonts/cm/cmsy10.pfb></usr/share/texlive/texmf-dist/fo
nts/type1/public/amsfonts/cm/cmti10.pfb></usr/share/texlive/texmf-dist/fonts/ty
pe1/public/amsfonts/cm/cmtt10.pfb></usr/share/texlive/texmf-dist/fonts/type1/pu
blic/amsfonts/cm/cmtt12.pfb>
Output written on Global_Fractal_Correlations_in_GW_Noise_Preprint.pdf (8 pages
, 173154 bytes).
PDF statistics:
 208 PDF objects out of 1000 (max. 8388607)
 173 compressed objects within 2 object streams
 37 named destinations out of 1000 (max. 500000)
 169 words of extra memory for PDF output out of 10000 (max. 10000000)

