2026-02-24 07:37:15,305 [INFO] Monte Carlo Cross-Hurst Inflation Test
2026-02-24 07:37:15,305 [INFO] N=1048576, trials=20, H_true=0.23, H_local=0.04, SNR_local=20.0
2026-02-24 07:37:15,305 [INFO] Trial 1/20
2026-02-24 07:37:22,652 [INFO]   H(x)=0.0748, H(y)=0.0826, Cross-H=0.4640
2026-02-24 07:37:27,088 [INFO]   Null Cross-H=0.5072
2026-02-24 07:37:27,089 [INFO] Trial 2/20
2026-02-24 07:37:37,244 [INFO]   H(x)=0.0788, H(y)=0.0775, Cross-H=0.4969
2026-02-24 07:37:41,963 [INFO]   Null Cross-H=0.5085
2026-02-24 07:37:41,963 [INFO] Trial 3/20
2026-02-24 07:37:50,658 [INFO]   H(x)=0.0831, H(y)=0.0744, Cross-H=0.5349
2026-02-24 07:37:53,399 [INFO]   Null Cross-H=0.4616
2026-02-24 07:37:53,399 [INFO] Trial 4/20
2026-02-24 07:37:59,432 [INFO]   H(x)=0.0787, H(y)=0.0781, Cross-H=0.5160
2026-02-24 07:38:02,061 [INFO]   Null Cross-H=0.5062
2026-02-24 07:38:02,061 [INFO] Trial 5/20
2026-02-24 07:38:08,927 [INFO]   H(x)=0.0809, H(y)=0.0788, Cross-H=0.5220
2026-02-24 07:38:11,714 [INFO]   Null Cross-H=0.5152
2026-02-24 07:38:11,714 [INFO] Trial 6/20
2026-02-24 07:38:18,178 [INFO]   H(x)=0.0748, H(y)=0.0772, Cross-H=0.4989
2026-02-24 07:38:21,635 [INFO]   Null Cross-H=0.5266
2026-02-24 07:38:21,635 [INFO] Trial 7/20
2026-02-24 07:38:29,031 [INFO]   H(x)=0.0830, H(y)=0.0801, Cross-H=0.5145
2026-02-24 07:38:32,531 [INFO]   Null Cross-H=0.4926
2026-02-24 07:38:32,531 [INFO] Trial 8/20
2026-02-24 07:38:39,450 [INFO]   H(x)=0.0782, H(y)=0.0834, Cross-H=0.5168
2026-02-24 07:38:42,844 [INFO]   Null Cross-H=0.4982
2026-02-24 07:38:42,844 [INFO] Trial 9/20
2026-02-24 07:38:51,043 [INFO]   H(x)=0.0765, H(y)=0.0763, Cross-H=0.4649
2026-02-24 07:38:54,330 [INFO]   Null Cross-H=0.4934
2026-02-24 07:38:54,330 [INFO] Trial 10/20
2026-02-24 07:39:02,209 [INFO]   H(x)=0.0782, H(y)=0.0785, Cross-H=0.5342
2026-02-24 07:39:05,477 [INFO]   Null Cross-H=0.5282
2026-02-24 07:39:05,477 [INFO] Trial 11/20
2026-02-24 07:39:12,932 [INFO]   H(x)=0.0782, H(y)=0.0777, Cross-H=0.5351
2026-02-24 07:39:16,393 [INFO]   Null Cross-H=0.5186
2026-02-24 07:39:16,393 [INFO] Trial 12/20
2026-02-24 07:39:23,531 [INFO]   H(x)=0.0770, H(y)=0.0823, Cross-H=0.5410
2026-02-24 07:39:26,996 [INFO]   Null Cross-H=0.4762
2026-02-24 07:39:26,996 [INFO] Trial 13/20
2026-02-24 07:39:33,860 [INFO]   H(x)=0.0753, H(y)=0.0835, Cross-H=0.4988
2026-02-24 07:39:37,423 [INFO]   Null Cross-H=0.4378
2026-02-24 07:39:37,423 [INFO] Trial 14/20
2026-02-24 07:39:44,450 [INFO]   H(x)=0.0805, H(y)=0.0780, Cross-H=0.5146
2026-02-24 07:39:47,690 [INFO]   Null Cross-H=0.5440
2026-02-24 07:39:47,691 [INFO] Trial 15/20
2026-02-24 07:39:54,928 [INFO]   H(x)=0.0802, H(y)=0.0799, Cross-H=0.5065
2026-02-24 07:39:58,283 [INFO]   Null Cross-H=0.4935
2026-02-24 07:39:58,283 [INFO] Trial 16/20
2026-02-24 07:40:05,187 [INFO]   H(x)=0.0772, H(y)=0.0709, Cross-H=0.5147
2026-02-24 07:40:08,341 [INFO]   Null Cross-H=0.4572
2026-02-24 07:40:08,341 [INFO] Trial 17/20
2026-02-24 07:40:15,697 [INFO]   H(x)=0.0778, H(y)=0.0786, Cross-H=0.5272
2026-02-24 07:40:18,999 [INFO]   Null Cross-H=0.5307
2026-02-24 07:40:18,999 [INFO] Trial 18/20
2026-02-24 07:40:25,817 [INFO]   H(x)=0.0779, H(y)=0.0754, Cross-H=0.5336
2026-02-24 07:40:29,070 [INFO]   Null Cross-H=0.4599
2026-02-24 07:40:29,070 [INFO] Trial 19/20
2026-02-24 07:40:36,143 [INFO]   H(x)=0.0804, H(y)=0.0732, Cross-H=0.4644
2026-02-24 07:40:39,665 [INFO]   Null Cross-H=0.4708
2026-02-24 07:40:39,665 [INFO] Trial 20/20
2026-02-24 07:40:48,047 [INFO]   H(x)=0.0813, H(y)=0.0787, Cross-H=0.4899
2026-02-24 07:40:51,185 [INFO]   Null Cross-H=0.5048

--- MONTE CARLO RESULTS ---
{
  "config": {
    "N": 1048576,
    "N_trials": 20,
    "H_true_background": 0.23,
    "H_local_damping": 0.04,
    "SNR_local_over_background": 20.0
  },
  "mixed_signal": {
    "H_x_mean": 0.07864376942410117,
    "H_x_std": 0.002380065086687186,
    "H_y_mean": 0.07825426745142278,
    "H_y_std": 0.003211036386556685,
    "Cross_H_mean": 0.5094425737999033,
    "Cross_H_std": 0.02343557500667056
  },
  "null_model": {
    "Cross_H_null_mean": 0.4965606426963275,
    "Cross_H_null_std": 0.027611698738229173
  },
  "verdict": "Cross-MF-DFA gives 0.509, which matches neither 0.23 nor 0.31. Relationship is complex."
}
