/home/krzysiek/.local/lib/python3.12/site-packages/matplotlib/projections/__init__.py:63: UserWarning: Unable to import Axes3D. This may be due to multiple versions of Matplotlib being installed (e.g. as a system package and as a pip package). As a result, the 3D projection is not available.
  warnings.warn("Unable to import Axes3D. This may be due to multiple versions of "
2026-02-24 07:05:22,410 [INFO] --- Processing GPS 1266965117 ---
2026-02-24 07:05:22,411 [INFO] Fetching pure H1 strain for 1266965117...
2026-02-24 07:05:22,411 [INFO] Found 1 possible sources
2026-02-24 07:05:22,411 [INFO] Attemping access with 'gwosc' [1/1]
2026-02-24 07:06:02,764 [INFO] Fetching pure L1 strain for 1266965117...
2026-02-24 07:06:02,765 [INFO] Found 1 possible sources
2026-02-24 07:06:02,765 [INFO] Attemping access with 'gwosc' [1/1]
2026-02-24 07:07:48,474 [INFO] GPS 1266965117 -> Cross-H: 0.3111, H1: 0.0373, L1: 0.0530
2026-02-24 07:07:48,474 [INFO] --- Processing GPS 1267051517 ---
2026-02-24 07:07:48,474 [INFO] Fetching pure H1 strain for 1267051517...
2026-02-24 07:07:48,474 [INFO] Found 1 possible sources
2026-02-24 07:07:48,474 [INFO] Attemping access with 'gwosc' [1/1]
2026-02-24 07:09:23,981 [INFO] Fetching pure L1 strain for 1267051517...
2026-02-24 07:09:23,981 [INFO] Found 1 possible sources
2026-02-24 07:09:23,981 [INFO] Attemping access with 'gwosc' [1/1]
2026-02-24 07:11:14,441 [INFO] GPS 1267051517 -> Cross-H: 0.3352, H1: 0.0414, L1: 0.0642
2026-02-24 07:11:14,441 [INFO] --- Processing GPS 1267137917 ---
2026-02-24 07:11:14,441 [INFO] Fetching pure H1 strain for 1267137917...
2026-02-24 07:11:14,441 [INFO] Found 1 possible sources
2026-02-24 07:11:14,441 [INFO] Attemping access with 'gwosc' [1/1]
2026-02-24 07:13:11,913 [INFO] Fetching pure L1 strain for 1267137917...
2026-02-24 07:13:11,913 [INFO] Found 1 possible sources
2026-02-24 07:13:11,914 [INFO] Attemping access with 'gwosc' [1/1]
2026-02-24 07:15:05,451 [INFO] GPS 1267137917 -> Cross-H: 0.3035, H1: 0.0443, L1: 0.0541
2026-02-24 07:15:05,451 [INFO] --- Processing GPS 1267569917 ---
2026-02-24 07:15:05,451 [INFO] Fetching pure H1 strain for 1267569917...
2026-02-24 07:15:05,451 [INFO] Found 1 possible sources
2026-02-24 07:15:05,451 [INFO] Attemping access with 'gwosc' [1/1]
2026-02-24 07:15:07,606 [ERROR] Failed to fetch H1 data for GPS 1267569917: failed to get data from any source (1 sub-exception)
2026-02-24 07:15:07,606 [INFO] Fetching pure L1 strain for 1267569917...
2026-02-24 07:15:07,607 [INFO] Found 1 possible sources
2026-02-24 07:15:07,607 [INFO] Attemping access with 'gwosc' [1/1]
2026-02-24 07:18:02,003 [WARNING] Skipping GPS 1267569917 due to missing data.
2026-02-24 07:18:02,003 [INFO] --- Processing GPS 1253326744 ---
2026-02-24 07:18:02,003 [INFO] Fetching pure H1 strain for 1253326744...
2026-02-24 07:18:02,003 [INFO] Found 1 possible sources
2026-02-24 07:18:02,003 [INFO] Attemping access with 'gwosc' [1/1]
2026-02-24 07:19:52,709 [INFO] Fetching pure L1 strain for 1253326744...
2026-02-24 07:19:52,709 [INFO] Found 1 possible sources
2026-02-24 07:19:52,709 [INFO] Attemping access with 'gwosc' [1/1]
2026-02-24 07:21:45,253 [INFO] GPS 1253326744 -> Cross-H: 0.7633, H1: 0.0418, L1: 0.0599

--- STABILITY RESULTS ---
{
  "1266965117": {
    "H1_Pure": 0.03733273522994843,
    "L1_Pure": 0.05299552509319112,
    "Cross_H1_L1": 0.31105068288116156
  },
  "1267051517": {
    "H1_Pure": 0.041405315287956546,
    "L1_Pure": 0.06420362757311483,
    "Cross_H1_L1": 0.33515322923661534
  },
  "1267137917": {
    "H1_Pure": 0.044313974791691,
    "L1_Pure": 0.05405721290409476,
    "Cross_H1_L1": 0.3034840404652728
  },
  "1253326744": {
    "H1_Pure": 0.04180091028389436,
    "L1_Pure": 0.05994293130661616,
    "Cross_H1_L1": 0.7633012338448356
  }
}
