2026-02-24 08:01:07,466 [INFO] --- SNR = 0.0 (local/background amplitude ratio) ---
2026-02-24 08:01:24,598 [INFO]   Cross-H = 0.5014 ± 0.0202
2026-02-24 08:01:24,598 [INFO] --- SNR = 0.5 (local/background amplitude ratio) ---
2026-02-24 08:01:42,789 [INFO]   Cross-H = 0.5060 ± 0.0164
2026-02-24 08:01:42,789 [INFO] --- SNR = 1.0 (local/background amplitude ratio) ---
2026-02-24 08:02:00,456 [INFO]   Cross-H = 0.5104 ± 0.0147
2026-02-24 08:02:00,456 [INFO] --- SNR = 2.0 (local/background amplitude ratio) ---
2026-02-24 08:02:17,855 [INFO]   Cross-H = 0.5045 ± 0.0224
2026-02-24 08:02:17,855 [INFO] --- SNR = 3.0 (local/background amplitude ratio) ---
2026-02-24 08:02:35,960 [INFO]   Cross-H = 0.4991 ± 0.0246
2026-02-24 08:02:35,960 [INFO] --- SNR = 5.0 (local/background amplitude ratio) ---
2026-02-24 08:02:53,782 [INFO]   Cross-H = 0.4950 ± 0.0254
2026-02-24 08:02:53,782 [INFO] --- SNR = 7.0 (local/background amplitude ratio) ---
2026-02-24 08:03:12,496 [INFO]   Cross-H = 0.4935 ± 0.0253
2026-02-24 08:03:12,496 [INFO] --- SNR = 10.0 (local/background amplitude ratio) ---
2026-02-24 08:03:30,193 [INFO]   Cross-H = 0.4927 ± 0.0252
2026-02-24 08:03:30,193 [INFO] --- SNR = 15.0 (local/background amplitude ratio) ---
2026-02-24 08:03:49,148 [INFO]   Cross-H = 0.4921 ± 0.0249
2026-02-24 08:03:49,148 [INFO] --- SNR = 20.0 (local/background amplitude ratio) ---
2026-02-24 08:04:06,645 [INFO]   Cross-H = 0.4919 ± 0.0247
2026-02-24 08:04:06,645 [INFO] --- SNR = 50.0 (local/background amplitude ratio) ---
2026-02-24 08:04:23,402 [INFO]   Cross-H = 0.4915 ± 0.0243

--- SNR SCAN RESULTS ---
   SNR |      Cross-H |      Std
-----------------------------------
   0.0 |       0.5014 |   0.0202
   0.5 |       0.5060 |   0.0164
   1.0 |       0.5104 |   0.0147
   2.0 |       0.5045 |   0.0224
   3.0 |       0.4991 |   0.0246
   5.0 |       0.4950 |   0.0254
   7.0 |       0.4935 |   0.0253
  10.0 |       0.4927 |   0.0252
  15.0 |       0.4921 |   0.0249
  20.0 |       0.4919 |   0.0247
  50.0 |       0.4915 |   0.0243
