2025-12-31 03:28:23,303 | ERROR | Phase 6 pipeline failed: name 'ZENODO_GWTC3_REC' is not defined
Traceback (most recent call last):
  File "/tmp/ipykernel_55/1754947449.py", line 201, in <cell line: 0>
    cand = collect_candidate_files_from_zenodo_records([ZENODO_GWTC3_REC, ZENODO_GWTC4_REC])
                                                        ^^^^^^^^^^^^^^^^
NameError: name 'ZENODO_GWTC3_REC' is not defined. Did you mean: 'ZENODO_GWTC4_REC'?
2025-12-31 03:30:16,372 | INFO | Querying Zenodo record 16053484 ...
2025-12-31 03:30:17,213 | INFO | Collected 87 candidate files from zenodo records
2025-12-31 03:30:17,214 | INFO | Candidates sample (first 10): IGWN-GWTC4p0-0f954158d_720-GW231028_153006-combined_PEDataRelease.hdf5, IGWN-GWTC4p0-0f954158d_720-GW230630_234532-combined_PEDataRelease.hdf5, IGWN-GWTC4p0-0f954158d_720-GW231005_021030-combined_PEDataRelease.hdf5, IGWN-GWTC4p0-0f954158d_720-GW231118_005626-combined_PEDataRelease.hdf5, IGWN-GWTC4p0-0f954158d_720-GW230529_181500-combined_PEDataRelease.hdf5, IGWN-GWTC4p0-0f954158d_720-GW230601_224134-combined_PEDataRelease.hdf5, IGWN-GWTC4p0-0f954158d_720-GW230518_125908-combined_PEDataRelease.hdf5, IGWN-GWTC4p0-0f954158d_720-GW230919_215712-combined_PEDataRelease.hdf5, IGWN-GWTC4p0-0f954158d_720-GW230708_230935-combined_PEDataRelease.hdf5, IGWN-GWTC4p0-0f954158d_720-GW230628_231200-combined_PEDataRelease.hdf5
2025-12-31 03:30:17,215 | INFO | [GET] IGWN-GWTC4p0-0f954158d_720-GW231028_153006-combined_PEDataRelease.hdf5 ...
2025-12-31 03:31:23,079 | INFO | [SAVED] IGWN-GWTC4p0-0f954158d_720-GW231028_153006-combined_PEDataRelease.hdf5
2025-12-31 03:31:23,083 | INFO | [GET] IGWN-GWTC4p0-0f954158d_720-GW230630_234532-combined_PEDataRelease.hdf5 ...
2025-12-31 03:33:26,927 | INFO | [SAVED] IGWN-GWTC4p0-0f954158d_720-GW230630_234532-combined_PEDataRelease.hdf5
2025-12-31 03:33:26,932 | INFO | [GET] IGWN-GWTC4p0-0f954158d_720-GW231005_021030-combined_PEDataRelease.hdf5 ...
2025-12-31 03:36:25,117 | INFO | [SAVED] IGWN-GWTC4p0-0f954158d_720-GW231005_021030-combined_PEDataRelease.hdf5
2025-12-31 03:36:25,121 | INFO | [GET] IGWN-GWTC4p0-0f954158d_720-GW231118_005626-combined_PEDataRelease.hdf5 ...
2025-12-31 03:37:16,827 | INFO | [SAVED] IGWN-GWTC4p0-0f954158d_720-GW231118_005626-combined_PEDataRelease.hdf5
2025-12-31 03:37:16,831 | INFO | [GET] IGWN-GWTC4p0-0f954158d_720-GW230529_181500-combined_PEDataRelease.hdf5 ...
2025-12-31 03:39:07,216 | INFO | [SAVED] IGWN-GWTC4p0-0f954158d_720-GW230529_181500-combined_PEDataRelease.hdf5
2025-12-31 03:39:07,221 | INFO | [GET] IGWN-GWTC4p0-0f954158d_720-GW230601_224134-combined_PEDataRelease.hdf5 ...
2025-12-31 03:40:19,326 | INFO | [SAVED] IGWN-GWTC4p0-0f954158d_720-GW230601_224134-combined_PEDataRelease.hdf5
2025-12-31 03:40:19,330 | INFO | [GET] IGWN-GWTC4p0-0f954158d_720-GW230518_125908-combined_PEDataRelease.hdf5 ...
2025-12-31 03:41:27,967 | INFO | [SAVED] IGWN-GWTC4p0-0f954158d_720-GW230518_125908-combined_PEDataRelease.hdf5
2025-12-31 03:41:27,972 | INFO | [GET] IGWN-GWTC4p0-0f954158d_720-GW230919_215712-combined_PEDataRelease.hdf5 ...
2025-12-31 03:42:25,581 | INFO | [SAVED] IGWN-GWTC4p0-0f954158d_720-GW230919_215712-combined_PEDataRelease.hdf5
2025-12-31 03:42:25,584 | INFO | [GET] IGWN-GWTC4p0-0f954158d_720-GW230708_230935-combined_PEDataRelease.hdf5 ...
2025-12-31 03:46:44,644 | INFO | [SAVED] IGWN-GWTC4p0-0f954158d_720-GW230708_230935-combined_PEDataRelease.hdf5
2025-12-31 03:46:44,648 | INFO | [GET] IGWN-GWTC4p0-0f954158d_720-GW230628_231200-combined_PEDataRelease.hdf5 ...
2025-12-31 03:49:29,247 | INFO | [SAVED] IGWN-GWTC4p0-0f954158d_720-GW230628_231200-combined_PEDataRelease.hdf5
2025-12-31 03:49:29,251 | INFO | [GET] IGWN-GWTC4p0-0f954158d_720-GW230704_212616-combined_PEDataRelease.hdf5 ...
2025-12-31 03:51:07,197 | INFO | [SAVED] IGWN-GWTC4p0-0f954158d_720-GW230704_212616-combined_PEDataRelease.hdf5
2025-12-31 03:51:07,201 | INFO | [GET] IGWN-GWTC4p0-0f954158d_720-GW230605_065343-combined_PEDataRelease.hdf5 ...
2025-12-31 03:55:37,315 | INFO | [SAVED] IGWN-GWTC4p0-0f954158d_720-GW230605_065343-combined_PEDataRelease.hdf5
2025-12-31 03:55:37,319 | INFO | [GET] IGWN-GWTC4p0-0f954158d_720-GW230702_185453-combined_PEDataRelease.hdf5 ...
2025-12-31 03:56:42,776 | INFO | [SAVED] IGWN-GWTC4p0-0f954158d_720-GW230702_185453-combined_PEDataRelease.hdf5
2025-12-31 03:56:42,780 | INFO | [GET] IGWN-GWTC4p0-0f954158d_720-GW231221_135041-combined_PEDataRelease.hdf5 ...
2025-12-31 04:00:16,771 | INFO | [SAVED] IGWN-GWTC4p0-0f954158d_720-GW231221_135041-combined_PEDataRelease.hdf5
2025-12-31 04:00:16,776 | INFO | [GET] IGWN-GWTC4p0-0f954158d_720-GW230904_051013-combined_PEDataRelease.hdf5 ...
2025-12-31 04:02:05,392 | INFO | [SAVED] IGWN-GWTC4p0-0f954158d_720-GW230904_051013-combined_PEDataRelease.hdf5
2025-12-31 04:02:05,397 | INFO | [GET] IGWN-GWTC4p0-0f954158d_720-GW231118_071402-combined_PEDataRelease.hdf5 ...
2025-12-31 04:03:17,642 | INFO | [SAVED] IGWN-GWTC4p0-0f954158d_720-GW231118_071402-combined_PEDataRelease.hdf5
2025-12-31 04:03:17,646 | INFO | [GET] IGWN-GWTC4p0-0f954158d_720-GW230806_204041-combined_PEDataRelease.hdf5 ...
2025-12-31 04:04:53,423 | INFO | [SAVED] IGWN-GWTC4p0-0f954158d_720-GW230806_204041-combined_PEDataRelease.hdf5
2025-12-31 04:04:53,427 | INFO | [GET] IGWN-GWTC4p0-0f954158d_720-GW230811_032116-combined_PEDataRelease.hdf5 ...
2025-12-31 04:05:16,754 | INFO | [SAVED] IGWN-GWTC4p0-0f954158d_720-GW230811_032116-combined_PEDataRelease.hdf5
2025-12-31 04:05:16,758 | INFO | [GET] IGWN-GWTC4p0-0f954158d_720-GW230914_111401-combined_PEDataRelease.hdf5 ...
2025-12-31 04:06:20,903 | INFO | [SAVED] IGWN-GWTC4p0-0f954158d_720-GW230914_111401-combined_PEDataRelease.hdf5
2025-12-31 04:06:20,907 | INFO | [GET] IGWN-GWTC4p0-0f954158d_720-GW230630_125806-combined_PEDataRelease.hdf5 ...
2025-12-31 04:06:58,791 | INFO | [SAVED] IGWN-GWTC4p0-0f954158d_720-GW230630_125806-combined_PEDataRelease.hdf5
2025-12-31 04:06:58,794 | INFO | [GET] IGWN-GWTC4p0-0f954158d_720-GW230731_215307-combined_PEDataRelease.hdf5 ...
2025-12-31 04:07:32,076 | INFO | [SAVED] IGWN-GWTC4p0-0f954158d_720-GW230731_215307-combined_PEDataRelease.hdf5
2025-12-31 04:07:32,079 | INFO | [GET] IGWN-GWTC4p0-0f954158d_720-GW231206_233134-combined_PEDataRelease.hdf5 ...
2025-12-31 04:09:45,717 | INFO | [SAVED] IGWN-GWTC4p0-0f954158d_720-GW231206_233134-combined_PEDataRelease.hdf5
2025-12-31 04:09:45,721 | INFO | [GET] IGWN-GWTC4p0-0f954158d_720-GW231001_140220-combined_PEDataRelease.hdf5 ...
2025-12-31 04:12:39,385 | INFO | [SAVED] IGWN-GWTC4p0-0f954158d_720-GW231001_140220-combined_PEDataRelease.hdf5
2025-12-31 04:12:39,390 | INFO | [GET] IGWN-GWTC4p0-0f954158d_720-GW230708_053705-combined_PEDataRelease.hdf5 ...
2025-12-31 04:15:50,158 | INFO | [SAVED] IGWN-GWTC4p0-0f954158d_720-GW230708_053705-combined_PEDataRelease.hdf5
2025-12-31 04:15:50,161 | INFO | [GET] IGWN-GWTC4p0-0f954158d_720-GW230928_215827-combined_PEDataRelease.hdf5 ...
2025-12-31 04:16:56,867 | INFO | [SAVED] IGWN-GWTC4p0-0f954158d_720-GW230928_215827-combined_PEDataRelease.hdf5
2025-12-31 04:16:56,869 | INFO | [GET] IGWN-GWTC4p0-0f954158d_720-GW230814_230901-combined_PEDataRelease.hdf5 ...
2025-12-31 04:19:38,239 | INFO | [SAVED] IGWN-GWTC4p0-0f954158d_720-GW230814_230901-combined_PEDataRelease.hdf5
2025-12-31 04:19:38,243 | INFO | [GET] IGWN-GWTC4p0-0f954158d_720-GW230814_061920-combined_PEDataRelease.hdf5 ...
2025-12-31 04:20:50,651 | INFO | [SAVED] IGWN-GWTC4p0-0f954158d_720-GW230814_061920-combined_PEDataRelease.hdf5
2025-12-31 04:20:50,656 | INFO | [GET] IGWN-GWTC4p0-0f954158d_720-GW231029_111508-combined_PEDataRelease.hdf5 ...
2025-12-31 04:23:02,622 | INFO | [SAVED] IGWN-GWTC4p0-0f954158d_720-GW231029_111508-combined_PEDataRelease.hdf5
2025-12-31 04:23:02,631 | INFO | [GET] IGWN-GWTC4p0-0f954158d_720-GW230819_171910-combined_PEDataRelease.hdf5 ...
2025-12-31 04:24:03,799 | INFO | [SAVED] IGWN-GWTC4p0-0f954158d_720-GW230819_171910-combined_PEDataRelease.hdf5
2025-12-31 04:24:03,803 | INFO | [GET] IGWN-GWTC4p0-0f954158d_720-GW230820_212515-combined_PEDataRelease.hdf5 ...
2025-12-31 04:25:33,693 | INFO | [SAVED] IGWN-GWTC4p0-0f954158d_720-GW230820_212515-combined_PEDataRelease.hdf5
2025-12-31 04:25:33,697 | INFO | [GET] IGWN-GWTC4p0-0f954158d_720-GW230911_195324-combined_PEDataRelease.hdf5 ...
2025-12-31 04:27:30,017 | INFO | [SAVED] IGWN-GWTC4p0-0f954158d_720-GW230911_195324-combined_PEDataRelease.hdf5
2025-12-31 04:27:30,021 | INFO | [GET] IGWN-GWTC4p0-0f954158d_720-GW230927_043729-combined_PEDataRelease.hdf5 ...
2025-12-31 04:30:22,490 | INFO | [SAVED] IGWN-GWTC4p0-0f954158d_720-GW230927_043729-combined_PEDataRelease.hdf5
2025-12-31 04:30:22,494 | INFO | [GET] IGWN-GWTC4p0-0f954158d_720-GW230920_071124-combined_PEDataRelease.hdf5 ...
2025-12-31 04:31:34,393 | INFO | [SAVED] IGWN-GWTC4p0-0f954158d_720-GW230920_071124-combined_PEDataRelease.hdf5
2025-12-31 04:31:34,397 | INFO | [GET] IGWN-GWTC4p0-0f954158d_720-GW231223_032836-combined_PEDataRelease.hdf5 ...
2025-12-31 04:33:32,590 | INFO | [SAVED] IGWN-GWTC4p0-0f954158d_720-GW231223_032836-combined_PEDataRelease.hdf5
2025-12-31 04:33:32,595 | INFO | [GET] IGWN-GWTC4p0-0f954158d_720-GW230930_110730-combined_PEDataRelease.hdf5 ...
2025-12-31 04:34:01,655 | INFO | [SAVED] IGWN-GWTC4p0-0f954158d_720-GW230930_110730-combined_PEDataRelease.hdf5
2025-12-31 04:34:01,659 | INFO | [GET] IGWN-GWTC4p0-0f954158d_720-GW231110_040320-combined_PEDataRelease.hdf5 ...
2025-12-31 04:36:15,299 | INFO | [SAVED] IGWN-GWTC4p0-0f954158d_720-GW231110_040320-combined_PEDataRelease.hdf5
2025-12-31 04:36:15,303 | INFO | [GET] IGWN-GWTC4p0-0f954158d_720-GW231005_091549-combined_PEDataRelease.hdf5 ...
2025-12-31 04:38:06,373 | INFO | [SAVED] IGWN-GWTC4p0-0f954158d_720-GW231005_091549-combined_PEDataRelease.hdf5
2025-12-31 04:38:06,377 | INFO | [GET] IGWN-GWTC4p0-0f954158d_720-GW231008_142521-combined_PEDataRelease.hdf5 ...
2025-12-31 04:40:28,101 | INFO | [SAVED] IGWN-GWTC4p0-0f954158d_720-GW231008_142521-combined_PEDataRelease.hdf5
2025-12-31 04:40:28,105 | INFO | [GET] IGWN-GWTC4p0-0f954158d_720-GW231014_040532-combined_PEDataRelease.hdf5 ...
2025-12-31 04:41:02,942 | INFO | [SAVED] IGWN-GWTC4p0-0f954158d_720-GW231014_040532-combined_PEDataRelease.hdf5
2025-12-31 04:41:02,947 | INFO | [GET] IGWN-GWTC4p0-0f954158d_720-GW231018_233037-combined_PEDataRelease.hdf5 ...
2025-12-31 04:43:16,751 | INFO | [SAVED] IGWN-GWTC4p0-0f954158d_720-GW231018_233037-combined_PEDataRelease.hdf5
2025-12-31 04:43:16,755 | INFO | [GET] IGWN-GWTC4p0-0f954158d_720-GW231108_125142-combined_PEDataRelease.hdf5 ...
2025-12-31 04:45:15,327 | INFO | [SAVED] IGWN-GWTC4p0-0f954158d_720-GW231108_125142-combined_PEDataRelease.hdf5
2025-12-31 04:45:15,332 | INFO | [GET] IGWN-GWTC4p0-0f954158d_720-GW231104_133418-combined_PEDataRelease.hdf5 ...
2025-12-31 04:47:16,379 | INFO | [SAVED] IGWN-GWTC4p0-0f954158d_720-GW231104_133418-combined_PEDataRelease.hdf5
2025-12-31 04:47:16,383 | INFO | [GET] IGWN-GWTC4p0-0f954158d_720-GW231230_170116-combined_PEDataRelease.hdf5 ...
2025-12-31 04:48:41,909 | INFO | [SAVED] IGWN-GWTC4p0-0f954158d_720-GW231230_170116-combined_PEDataRelease.hdf5
2025-12-31 04:48:41,913 | INFO | [GET] IGWN-GWTC4p0-0f954158d_720-GW231129_081745-combined_PEDataRelease.hdf5 ...
2025-12-31 04:50:56,491 | INFO | [SAVED] IGWN-GWTC4p0-0f954158d_720-GW231129_081745-combined_PEDataRelease.hdf5
2025-12-31 04:50:56,495 | INFO | [GET] IGWN-GWTC4p0-0f954158d_720-PESummaryTable.hdf5 ...
2025-12-31 04:50:57,495 | INFO | [SAVED] IGWN-GWTC4p0-0f954158d_720-PESummaryTable.hdf5
2025-12-31 04:50:57,499 | INFO | [GET] IGWN-GWTC4p0-0f954158d_720-GW231123_135430-combined_PEDataRelease.hdf5 ...
2025-12-31 04:51:27,256 | INFO | [SAVED] IGWN-GWTC4p0-0f954158d_720-GW231123_135430-combined_PEDataRelease.hdf5
2025-12-31 04:51:27,259 | INFO | [GET] IGWN-GWTC4p0-0f954158d_720-GW231206_233901-combined_PEDataRelease.hdf5 ...
2025-12-31 04:54:29,021 | INFO | [SAVED] IGWN-GWTC4p0-0f954158d_720-GW231206_233901-combined_PEDataRelease.hdf5
2025-12-31 04:54:29,025 | INFO | [GET] IGWN-GWTC4p0-0f954158d_720-GW231213_111417-combined_PEDataRelease.hdf5 ...
2025-12-31 04:55:48,491 | INFO | [SAVED] IGWN-GWTC4p0-0f954158d_720-GW231213_111417-combined_PEDataRelease.hdf5
2025-12-31 04:55:48,494 | INFO | [GET] IGWN-GWTC4p0-0f954158d_720-GW231226_101520-combined_PEDataRelease.hdf5 ...
2025-12-31 05:04:56,039 | INFO | [SAVED] IGWN-GWTC4p0-0f954158d_720-GW231226_101520-combined_PEDataRelease.hdf5
2025-12-31 05:04:56,047 | INFO | [GET] IGWN-GWTC4p0-0f954158d_720-GW231231_154016-combined_PEDataRelease.hdf5 ...
2025-12-31 05:05:41,224 | INFO | [SAVED] IGWN-GWTC4p0-0f954158d_720-GW231231_154016-combined_PEDataRelease.hdf5
2025-12-31 05:05:41,228 | INFO | [GET] IGWN-GWTC4p0-0f954158d_720-GW231004_232346-combined_PEDataRelease.hdf5 ...
2025-12-31 05:07:01,917 | INFO | [SAVED] IGWN-GWTC4p0-0f954158d_720-GW231004_232346-combined_PEDataRelease.hdf5
2025-12-31 05:07:01,921 | INFO | [GET] IGWN-GWTC4p0-0f954158d_720-GW230723_101834-combined_PEDataRelease.hdf5 ...
2025-12-31 05:08:46,953 | INFO | [SAVED] IGWN-GWTC4p0-0f954158d_720-GW230723_101834-combined_PEDataRelease.hdf5
2025-12-31 05:08:46,957 | INFO | [GET] IGWN-GWTC4p0-0f954158d_720-GW230922_020344-combined_PEDataRelease.hdf5 ...
2025-12-31 05:09:36,169 | INFO | [SAVED] IGWN-GWTC4p0-0f954158d_720-GW230922_020344-combined_PEDataRelease.hdf5
2025-12-31 05:09:36,172 | INFO | [GET] IGWN-GWTC4p0-0f954158d_720-GW230627_015337-combined_PEDataRelease.hdf5 ...
2025-12-31 05:10:34,328 | INFO | [SAVED] IGWN-GWTC4p0-0f954158d_720-GW230627_015337-combined_PEDataRelease.hdf5
2025-12-31 05:10:34,332 | INFO | [GET] IGWN-GWTC4p0-0f954158d_720-GW230608_205047-combined_PEDataRelease.hdf5 ...
2025-12-31 05:11:51,107 | INFO | [SAVED] IGWN-GWTC4p0-0f954158d_720-GW230608_205047-combined_PEDataRelease.hdf5
2025-12-31 05:11:51,110 | INFO | [GET] IGWN-GWTC4p0-0f954158d_720-GW230609_064958-combined_PEDataRelease.hdf5 ...
2025-12-31 05:13:37,854 | INFO | [SAVED] IGWN-GWTC4p0-0f954158d_720-GW230609_064958-combined_PEDataRelease.hdf5
2025-12-31 05:13:37,857 | INFO | [GET] IGWN-GWTC4p0-0f954158d_720-GW230924_124453-combined_PEDataRelease.hdf5 ...
2025-12-31 05:16:22,837 | INFO | [SAVED] IGWN-GWTC4p0-0f954158d_720-GW230924_124453-combined_PEDataRelease.hdf5
2025-12-31 05:16:22,841 | INFO | [GET] IGWN-GWTC4p0-0f954158d_720-GW230624_113103-combined_PEDataRelease.hdf5 ...
2025-12-31 05:18:35,586 | INFO | [SAVED] IGWN-GWTC4p0-0f954158d_720-GW230624_113103-combined_PEDataRelease.hdf5
2025-12-31 05:18:35,590 | INFO | [GET] IGWN-GWTC4p0-0f954158d_720-GW230709_122727-combined_PEDataRelease.hdf5 ...
2025-12-31 05:19:19,371 | INFO | [SAVED] IGWN-GWTC4p0-0f954158d_720-GW230709_122727-combined_PEDataRelease.hdf5
2025-12-31 05:19:19,374 | INFO | [GET] IGWN-GWTC4p0-0f954158d_720-GW230704_021211-combined_PEDataRelease.hdf5 ...
2025-12-31 05:21:22,937 | INFO | [SAVED] IGWN-GWTC4p0-0f954158d_720-GW230704_021211-combined_PEDataRelease.hdf5
2025-12-31 05:21:22,941 | INFO | [GET] IGWN-GWTC4p0-0f954158d_720-GW230606_004305-combined_PEDataRelease.hdf5 ...
2025-12-31 05:22:52,245 | INFO | [SAVED] IGWN-GWTC4p0-0f954158d_720-GW230606_004305-combined_PEDataRelease.hdf5
2025-12-31 05:22:52,249 | INFO | [GET] IGWN-GWTC4p0-0f954158d_720-GW230825_041334-combined_PEDataRelease.hdf5 ...
2025-12-31 05:24:53,405 | INFO | [SAVED] IGWN-GWTC4p0-0f954158d_720-GW230825_041334-combined_PEDataRelease.hdf5
2025-12-31 05:24:53,409 | INFO | [GET] IGWN-GWTC4p0-0f954158d_720-GW230706_104333-combined_PEDataRelease.hdf5 ...
2025-12-31 05:26:06,499 | INFO | [SAVED] IGWN-GWTC4p0-0f954158d_720-GW230706_104333-combined_PEDataRelease.hdf5
2025-12-31 05:26:06,503 | INFO | [GET] IGWN-GWTC4p0-0f954158d_720-GW230729_082317-combined_PEDataRelease.hdf5 ...
2025-12-31 05:27:04,380 | INFO | [SAVED] IGWN-GWTC4p0-0f954158d_720-GW230729_082317-combined_PEDataRelease.hdf5
2025-12-31 05:27:04,383 | INFO | [GET] IGWN-GWTC4p0-0f954158d_720-GW230803_033412-combined_PEDataRelease.hdf5 ...
2025-12-31 05:28:05,309 | INFO | [SAVED] IGWN-GWTC4p0-0f954158d_720-GW230803_033412-combined_PEDataRelease.hdf5
2025-12-31 05:28:05,313 | INFO | [GET] IGWN-GWTC4p0-0f954158d_720-GW230805_034249-combined_PEDataRelease.hdf5 ...
2025-12-31 05:30:34,705 | INFO | [SAVED] IGWN-GWTC4p0-0f954158d_720-GW230805_034249-combined_PEDataRelease.hdf5
2025-12-31 05:30:34,710 | INFO | [GET] IGWN-GWTC4p0-0f954158d_720-GW230824_033047-combined_PEDataRelease.hdf5 ...
2025-12-31 05:32:50,694 | INFO | [SAVED] IGWN-GWTC4p0-0f954158d_720-GW230824_033047-combined_PEDataRelease.hdf5
2025-12-31 05:32:50,699 | INFO | [GET] IGWN-GWTC4p0-0f954158d_720-GW231118_090602-combined_PEDataRelease.hdf5 ...
2025-12-31 05:34:04,342 | INFO | [SAVED] IGWN-GWTC4p0-0f954158d_720-GW231118_090602-combined_PEDataRelease.hdf5
2025-12-31 05:34:04,346 | INFO | [GET] IGWN-GWTC4p0-0f954158d_720-GW230707_124047-combined_PEDataRelease.hdf5 ...
2025-12-31 05:35:39,066 | INFO | [SAVED] IGWN-GWTC4p0-0f954158d_720-GW230707_124047-combined_PEDataRelease.hdf5
2025-12-31 05:35:39,070 | INFO | [GET] IGWN-GWTC4p0-0f954158d_720-GW230712_090405-combined_PEDataRelease.hdf5 ...
2025-12-31 05:38:36,096 | INFO | [SAVED] IGWN-GWTC4p0-0f954158d_720-GW230712_090405-combined_PEDataRelease.hdf5
2025-12-31 05:38:36,100 | INFO | [GET] IGWN-GWTC4p0-0f954158d_720-GW230726_002940-combined_PEDataRelease.hdf5 ...
2025-12-31 05:39:26,887 | INFO | [SAVED] IGWN-GWTC4p0-0f954158d_720-GW230726_002940-combined_PEDataRelease.hdf5
2025-12-31 05:39:26,891 | INFO | [GET] IGWN-GWTC4p0-0f954158d_720-GW231113_122623-combined_PEDataRelease.hdf5 ...
2025-12-31 05:41:00,832 | INFO | [SAVED] IGWN-GWTC4p0-0f954158d_720-GW231113_122623-combined_PEDataRelease.hdf5
2025-12-31 05:41:00,836 | INFO | [GET] IGWN-GWTC4p0-0f954158d_720-GW240107_013215-combined_PEDataRelease.hdf5 ...
2025-12-31 05:43:19,787 | INFO | [SAVED] IGWN-GWTC4p0-0f954158d_720-GW240107_013215-combined_PEDataRelease.hdf5
2025-12-31 05:43:19,790 | INFO | [GET] IGWN-GWTC4p0-0f954158d_720-GW230831_015414-combined_PEDataRelease.hdf5 ...
2025-12-31 05:45:04,649 | INFO | [SAVED] IGWN-GWTC4p0-0f954158d_720-GW230831_015414-combined_PEDataRelease.hdf5
2025-12-31 05:45:04,653 | INFO | [GET] IGWN-GWTC4p0-0f954158d_720-GW231127_165300-combined_PEDataRelease.hdf5 ...
2025-12-31 05:46:34,768 | INFO | [SAVED] IGWN-GWTC4p0-0f954158d_720-GW231127_165300-combined_PEDataRelease.hdf5
2025-12-31 05:46:34,772 | INFO | [GET] IGWN-GWTC4p0-0f954158d_720-GW230922_040658-combined_PEDataRelease.hdf5 ...
2025-12-31 05:47:02,346 | INFO | [SAVED] IGWN-GWTC4p0-0f954158d_720-GW230922_040658-combined_PEDataRelease.hdf5
2025-12-31 05:47:02,350 | INFO | [GET] IGWN-GWTC4p0-0f954158d_720-GW230927_153832-combined_PEDataRelease.hdf5 ...
2025-12-31 05:48:01,538 | INFO | [SAVED] IGWN-GWTC4p0-0f954158d_720-GW230927_153832-combined_PEDataRelease.hdf5
2025-12-31 05:48:01,542 | INFO | [GET] IGWN-GWTC4p0-0f954158d_720-GW231102_071736-combined_PEDataRelease.hdf5 ...
2025-12-31 05:48:56,575 | INFO | [SAVED] IGWN-GWTC4p0-0f954158d_720-GW231102_071736-combined_PEDataRelease.hdf5
2025-12-31 05:48:56,579 | INFO | [GET] IGWN-GWTC4p0-0f954158d_720-GW231020_142947-combined_PEDataRelease.hdf5 ...
2025-12-31 05:49:29,729 | INFO | [SAVED] IGWN-GWTC4p0-0f954158d_720-GW231020_142947-combined_PEDataRelease.hdf5
2025-12-31 05:49:29,733 | INFO | [GET] IGWN-GWTC4p0-0f954158d_720-GW231114_043211-combined_PEDataRelease.hdf5 ...
2025-12-31 05:50:35,829 | INFO | [SAVED] IGWN-GWTC4p0-0f954158d_720-GW231114_043211-combined_PEDataRelease.hdf5
2025-12-31 05:50:35,833 | INFO | [GET] IGWN-GWTC4p0-0f954158d_720-GW231119_075248-combined_PEDataRelease.hdf5 ...
2025-12-31 05:52:19,356 | INFO | [SAVED] IGWN-GWTC4p0-0f954158d_720-GW231119_075248-combined_PEDataRelease.hdf5
2025-12-31 05:52:19,360 | INFO | [GET] IGWN-GWTC4p0-0f954158d_720-GW231223_075055-combined_PEDataRelease.hdf5 ...
2025-12-31 05:56:28,338 | INFO | [SAVED] IGWN-GWTC4p0-0f954158d_720-GW231223_075055-combined_PEDataRelease.hdf5
2025-12-31 05:56:28,343 | INFO | [GET] IGWN-GWTC4p0-0f954158d_720-GW231223_202619-combined_PEDataRelease.hdf5 ...
2025-12-31 05:56:39,033 | INFO | [SAVED] IGWN-GWTC4p0-0f954158d_720-GW231223_202619-combined_PEDataRelease.hdf5
2025-12-31 05:56:39,037 | INFO | [GET] IGWN-GWTC4p0-0f954158d_720-GW231224_024321-combined_PEDataRelease.hdf5 ...
2025-12-31 06:00:18,156 | INFO | [SAVED] IGWN-GWTC4p0-0f954158d_720-GW231224_024321-combined_PEDataRelease.hdf5
2025-12-31 06:00:18,160 | INFO | [GET] IGWN-GWTC4p0-0f954158d_720-GW240104_164932-combined_PEDataRelease.hdf5 ...
2025-12-31 06:00:52,901 | INFO | [SAVED] IGWN-GWTC4p0-0f954158d_720-GW240104_164932-combined_PEDataRelease.hdf5
2025-12-31 06:00:52,905 | INFO | [GET] IGWN-GWTC4p0-0f954158d_720-GW240109_050431-combined_PEDataRelease.hdf5 ...
2025-12-31 06:01:52,533 | INFO | [SAVED] IGWN-GWTC4p0-0f954158d_720-GW240109_050431-combined_PEDataRelease.hdf5
2025-12-31 06:01:52,537 | INFO | [GET] IGWN-GWTC4p0-0f954158d_720-GW231113_200417-combined_PEDataRelease.hdf5 ...
2025-12-31 06:02:25,183 | INFO | [SAVED] IGWN-GWTC4p0-0f954158d_720-GW231113_200417-combined_PEDataRelease.hdf5
2025-12-31 06:02:25,187 | INFO | Downloaded 87 files into gwtc3_full_data
2025-12-31 06:02:35,363 | INFO | Loaded posterior samples from 86 events
2025-12-31 06:02:35,364 | INFO | Computing hierarchical likelihood on alpha grid ...
2025-12-31 06:03:11,546 | INFO | === PHASE 6 RESULT (publication-grade approx) ===
2025-12-31 06:03:11,547 | INFO | Events used: 86
2025-12-31 06:03:11,549 | INFO | Posterior on alpha: mean = 0.059713, std = 0.049092
2025-12-31 06:03:11,549 | INFO | ln BF (FIN marginal / L(alpha=0)) = -1.067  (positive => evidence for FIN)
2025-12-31 06:03:11,551 | INFO | CONCLUSION: INCONCLUSIVE (no decisive evidence either way)
2025-12-31 06:03:11,553 | INFO | Saved phase6_results.json
2025-12-31 06:03:12,284 | INFO | Detected 87 posterior files
2025-12-31 06:03:12,286 | INFO | QW-1626: Ringdown-only dispersion test
