\BOOKMARK [0][-]{part.1}{\376\377\000I\000\040\000P\000h\000i\000l\000o\000s\000o\000p\000h\000i\000c\000a\000l\000\040\000a\000n\000d\000\040\000C\000o\000n\000c\000e\000p\000t\000u\000a\000l\000\040\000F\000o\000u\000n\000d\000a\000t\000i\000o\000n\000s}{}% 1
\BOOKMARK [1][-]{section.1}{\376\377\000I\000n\000t\000r\000o\000d\000u\000c\000t\000i\000o\000n\000:\000\040\000T\000h\000e\000\040\000C\000r\000i\000s\000i\000s\000\040\000i\000n\000\040\000C\000o\000n\000t\000e\000m\000p\000o\000r\000a\000r\000y\000\040\000P\000h\000y\000s\000i\000c\000s}{part.1}% 2
\BOOKMARK [2][-]{subsection.1.1}{\376\377\000T\000h\000e\000\040\000F\000I\000N\000\040\000T\000h\000e\000s\000i\000s}{section.1}% 3
\BOOKMARK [1][-]{section.2}{\376\377\000O\000r\000i\000g\000i\000n\000s\000:\000\040\000F\000r\000o\000m\000\040\000P\000h\000i\000l\000o\000s\000o\000p\000h\000i\000c\000a\000l\000\040\000I\000n\000s\000i\000g\000h\000t\000\040\000t\000o\000\040\000M\000a\000t\000h\000e\000m\000a\000t\000i\000c\000a\000l\000\040\000F\000r\000a\000m\000e\000w\000o\000r\000k}{part.1}% 4
\BOOKMARK [2][-]{subsection.2.1}{\376\377\000T\000h\000e\000\040\000E\000u\000c\000h\000a\000r\000i\000s\000t\000i\000c\000\040\000I\000n\000s\000p\000i\000r\000a\000t\000i\000o\000n}{section.2}% 5
\BOOKMARK [2][-]{subsection.2.2}{\376\377\000T\000h\000e\000\040\000L\000o\000g\000o\000s\000\040\000A\000x\000i\000o\000m}{section.2}% 6
\BOOKMARK [2][-]{subsection.2.3}{\376\377\000F\000r\000a\000c\000t\000a\000l\000\040\000N\000a\000t\000u\000r\000e\000\040\000o\000f\000\040\000R\000e\000a\000l\000i\000t\000y}{section.2}% 7
\BOOKMARK [2][-]{subsection.2.4}{\376\377\000T\000h\000e\000\040\000N\000a\000d\000s\000o\000l\000i\000t\000o\000n\000\040\000C\000o\000n\000c\000e\000p\000t}{section.2}% 8
\BOOKMARK [2][-]{subsection.2.5}{\376\377\000T\000h\000e\000\040\0001\0002\000-\000O\000c\000t\000a\000v\000e\000\040\000S\000t\000r\000u\000c\000t\000u\000r\000e}{section.2}% 9
\BOOKMARK [1][-]{section.3}{\376\377\000T\000h\000e\000\040\000I\000n\000f\000o\000-\000G\000e\000o\000m\000e\000t\000r\000y\000\040\000I\000d\000e\000n\000t\000i\000t\000y}{part.1}% 10
\BOOKMARK [2][-]{subsection.3.1}{\376\377\000D\000e\000r\000i\000v\000a\000t\000i\000o\000n}{section.3}% 11
\BOOKMARK [2][-]{subsection.3.2}{\376\377\000P\000h\000y\000s\000i\000c\000a\000l\000\040\000I\000n\000t\000e\000r\000p\000r\000e\000t\000a\000t\000i\000o\000n}{section.3}% 12
\BOOKMARK [0][-]{part.2}{\376\377\000I\000I\000\040\000M\000a\000t\000h\000e\000m\000a\000t\000i\000c\000a\000l\000\040\000F\000o\000r\000m\000u\000l\000a\000t\000i\000o\000n}{}% 13
\BOOKMARK [1][-]{section.4}{\376\377\000T\000h\000e\000\040\000U\000n\000i\000f\000i\000e\000d\000\040\000L\000a\000g\000r\000a\000n\000g\000i\000a\000n\000\040\000L\000Z\000T\000P}{part.2}% 14
\BOOKMARK [2][-]{subsection.4.1}{\376\377\000F\000i\000n\000a\000l\000\040\000F\000o\000r\000m\000\040\000\050\000V\000e\000r\000s\000i\000o\000n\000\040\0004\000.\0001\000\051}{section.4}% 15
\BOOKMARK [2][-]{subsection.4.2}{\376\377\000F\000i\000e\000l\000d\000\040\000C\000o\000n\000t\000e\000n\000t}{section.4}% 16
\BOOKMARK [2][-]{subsection.4.3}{\376\377\000S\000e\000l\000f\000-\000I\000n\000t\000e\000r\000a\000c\000t\000i\000o\000n\000\040\000P\000o\000t\000e\000n\000t\000i\000a\000l}{section.4}% 17
\BOOKMARK [1][-]{section.5}{\376\377\000T\000h\000e\000\040\000C\000o\000u\000p\000l\000i\000n\000g\000\040\000K\000e\000r\000n\000e\000l\000\040\000K\000\050\000d\000\051}{part.2}% 18
\BOOKMARK [2][-]{subsection.5.1}{\376\377\000E\000v\000o\000l\000u\000t\000i\000o\000n\000\040\000f\000r\000o\000m\000\040\000K\000t\000o\000t\000a\000l\000\040\000t\000o\000\040\000K\000\050\000d\000\051}{section.5}% 19
\BOOKMARK [3][-]{subsubsection.5.1.1}{\376\377\000C\000o\000m\000p\000o\000n\000e\000n\000t\000\040\000M\000e\000c\000h\000a\000n\000i\000s\000m\000s}{subsection.5.1}% 20
\BOOKMARK [2][-]{subsection.5.2}{\376\377\000T\000h\000e\000\040\000P\000a\000r\000a\000d\000o\000x\000\040\000o\000f\000\040\000D\000i\000s\000t\000a\000n\000t\000\040\000C\000o\000u\000p\000l\000i\000n\000g}{section.5}% 21
\BOOKMARK [3][-]{subsubsection.5.2.1}{\376\377\000R\000e\000s\000o\000l\000u\000t\000i\000o\000n\000:\000\040\000T\000o\000p\000o\000l\000o\000g\000i\000c\000a\000l\000\040\000T\000u\000n\000n\000e\000l\000i\000n\000g}{subsection.5.2}% 22
\BOOKMARK [2][-]{subsection.5.3}{\376\377\000F\000i\000n\000a\000l\000\040\000E\000f\000f\000e\000c\000t\000i\000v\000e\000\040\000F\000o\000r\000m}{section.5}% 23
\BOOKMARK [2][-]{subsection.5.4}{\376\377\000P\000a\000r\000a\000m\000e\000t\000e\000r\000\040\000V\000a\000l\000u\000e\000s\000\040\000a\000n\000d\000\040\000O\000r\000i\000g\000i\000n\000s}{section.5}% 24
\BOOKMARK [1][-]{section.6}{\376\377\000F\000r\000o\000m\000\040\000L\000a\000g\000r\000a\000n\000g\000i\000a\000n\000\040\000t\000o\000\040\000M\000a\000s\000s\000\040\000S\000p\000e\000c\000t\000r\000u\000m}{part.2}% 25
\BOOKMARK [2][-]{subsection.6.1}{\376\377\000T\000h\000e\000\040\000H\000a\000m\000i\000l\000t\000o\000n\000i\000a\000n\000\040\000H\000Z\000T\000P}{section.6}% 26
\BOOKMARK [2][-]{subsection.6.2}{\376\377\000M\000a\000t\000r\000i\000x\000\040\000R\000e\000p\000r\000e\000s\000e\000n\000t\000a\000t\000i\000o\000n}{section.6}% 27
\BOOKMARK [2][-]{subsection.6.3}{\376\377\000E\000i\000g\000e\000n\000v\000a\000l\000u\000e\000\040\000P\000r\000o\000b\000l\000e\000m}{section.6}% 28
\BOOKMARK [0][-]{part.3}{\376\377\000I\000I\000I\000\040\000T\000o\000p\000o\000l\000o\000g\000i\000c\000a\000l\000\040\000M\000a\000s\000s\000\040\000G\000e\000n\000e\000s\000i\000s\000\040\000\050\000S\000t\000u\000d\000i\000e\000s\000\040\000Q\000W\000-\0001\0000\0009\0007\040\023\000Q\000W\000-\0001\0001\0006\0000\000\051}{}% 29
\BOOKMARK [1][-]{section.7}{\376\377\000T\000h\000e\000\040\000U\000n\000i\000v\000e\000r\000s\000a\000l\000\040\000M\000a\000s\000s\000\040\000F\000o\000r\000m\000u\000l\000a}{part.3}% 30
\BOOKMARK [2][-]{subsection.7.1}{\376\377\000D\000i\000s\000c\000o\000v\000e\000r\000y\000\040\000\050\000Q\000W\000-\0001\0001\0005\0009\000\051}{section.7}% 31
\BOOKMARK [2][-]{subsection.7.2}{\376\377\000C\000a\000l\000c\000u\000l\000a\000t\000i\000o\000n\000\040\000S\000t\000e\000p\000s}{section.7}% 32
\BOOKMARK [3][-]{subsubsection.7.2.1}{\376\377\000S\000t\000e\000p\000\040\0001\000:\000\040\000D\000e\000f\000i\000n\000e\000\040\000R\000e\000f\000e\000r\000e\000n\000c\000e\000\040\000S\000c\000a\000l\000e}{subsection.7.2}% 33
\BOOKMARK [3][-]{subsubsection.7.2.2}{\376\377\000S\000t\000e\000p\000\040\0002\000:\000\040\000B\000a\000c\000k\000w\000a\000r\000d\000\040\000A\000n\000a\000l\000y\000s\000i\000s}{subsection.7.2}% 34
\BOOKMARK [3][-]{subsubsection.7.2.3}{\376\377\000S\000t\000e\000p\000\040\0003\000:\000\040\000R\000e\000s\000u\000l\000t\000s}{subsection.7.2}% 35
\BOOKMARK [2][-]{subsection.7.3}{\376\377\000T\000h\000e\000\040\000G\000r\000a\000v\000o\000-\000M\000a\000s\000s\000\040\000E\000x\000p\000o\000n\000e\000n\000t\000\040}{section.7}% 36
\BOOKMARK [1][-]{section.8}{\376\377\000T\000h\000e\000\040\000F\000i\000b\000o\000n\000a\000c\000c\000i\000\040\000K\000n\000o\000t\000\040\000H\000y\000p\000o\000t\000h\000e\000s\000i\000s}{part.3}% 37
\BOOKMARK [2][-]{subsection.8.1}{\376\377\000D\000i\000s\000c\000o\000v\000e\000r\000y\000\040\000o\000f\000\040\000F\000i\000b\000o\000n\000a\000c\000c\000i\000\040\000P\000a\000t\000t\000e\000r\000n}{section.8}% 38
\BOOKMARK [2][-]{subsection.8.2}{\376\377\000F\000i\000b\000o\000n\000a\000c\000c\000i\000\040\000D\000e\000c\000o\000m\000p\000o\000s\000i\000t\000i\000o\000n}{section.8}% 39
\BOOKMARK [2][-]{subsection.8.3}{\376\377\000P\000h\000y\000s\000i\000c\000a\000l\000\040\000I\000n\000t\000e\000r\000p\000r\000e\000t\000a\000t\000i\000o\000n\000:\000\040\000T\000o\000r\000u\000s\000\040\000K\000n\000o\000t\000s}{section.8}% 40
\BOOKMARK [2][-]{subsection.8.4}{\376\377\000E\000x\000p\000l\000a\000n\000a\000t\000i\000o\000n\000\040\000o\000f\000\040\000M\000a\000s\000s\000\040\000H\000i\000e\000r\000a\000r\000c\000h\000y}{section.8}% 41
\BOOKMARK [1][-]{section.9}{\376\377\000S\000c\000a\000l\000e\000\040\000I\000n\000v\000a\000r\000i\000a\000n\000c\000e\000\040\000V\000e\000r\000i\000f\000i\000c\000a\000t\000i\000o\000n\000\040\000\050\000Q\000W\000-\0001\0001\0006\0000\000\051}{part.3}% 42
\BOOKMARK [2][-]{subsection.9.1}{\376\377\000M\000e\000t\000h\000o\000d\000o\000l\000o\000g\000y}{section.9}% 43
\BOOKMARK [2][-]{subsection.9.2}{\376\377\000R\000e\000s\000u\000l\000t\000s}{section.9}% 44
\BOOKMARK [1][-]{section.10}{\376\377\000T\000a\000u\000-\000C\000h\000a\000r\000m\000\040\000S\000y\000m\000m\000e\000t\000r\000y\000\040\000a\000n\000d\000\040\000E\000r\000r\000o\000r\000\040\000A\000n\000a\000l\000y\000s\000i\000s}{part.3}% 45
\BOOKMARK [2][-]{subsection.10.1}{\376\377\000T\000h\000e\000\040\000T\000a\000u\000-\000C\000h\000a\000r\000m\000\040\000D\000e\000g\000e\000n\000e\000r\000a\000c\000y\000\040\000P\000r\000o\000b\000l\000e\000m}{section.10}% 46
\BOOKMARK [2][-]{subsection.10.2}{\376\377\000S\000t\000e\000p\000-\000b\000y\000-\000S\000t\000e\000p\000\040\000A\000n\000a\000l\000y\000s\000i\000s}{section.10}% 47
\BOOKMARK [2][-]{subsection.10.3}{\376\377\000T\000h\000e\000\040\000S\000y\000m\000m\000e\000t\000r\000y\000\040\000D\000i\000s\000c\000o\000v\000e\000r\000y}{section.10}% 48
\BOOKMARK [2][-]{subsection.10.4}{\376\377\000P\000h\000y\000s\000i\000c\000a\000l\000\040\000M\000e\000c\000h\000a\000n\000i\000s\000m\000:\000\040\000R\000e\000s\000o\000n\000a\000n\000c\000e\000\040\000S\000p\000l\000i\000t\000t\000i\000n\000g}{section.10}% 49
\BOOKMARK [2][-]{subsection.10.5}{\376\377\000E\000r\000r\000o\000r\000\040\000A\000n\000a\000l\000y\000s\000i\000s\000:\000\040\000C\000h\000a\000r\000m\000\040\000Q\000u\000a\000r\000k\000\040\000A\000n\000o\000m\000a\000l\000y}{section.10}% 50
\BOOKMARK [2][-]{subsection.10.6}{\376\377\000W\000h\000y\000\040\000D\000o\000e\000s\000\040\000t\000h\000e\000\040\000C\000h\000a\000r\000m\000\040\000Q\000u\000a\000r\000k\000\040\000S\000h\000o\000w\000\040\0003\0000\000\045\000\040\000E\000r\000r\000o\000r\000\040\000i\000n\000\040\000S\000o\000m\000e\000\040\000S\000t\000u\000d\000i\000e\000s\000?}{section.10}% 51
\BOOKMARK [2][-]{subsection.10.7}{\376\377\000T\000h\000e\000o\000r\000e\000t\000i\000c\000a\000l\000\040\000S\000i\000g\000n\000i\000f\000i\000c\000a\000n\000c\000e}{section.10}% 52
\BOOKMARK [0][-]{part.4}{\376\377\000I\000V\000\040\000C\000o\000m\000p\000l\000e\000t\000e\000\040\000H\000y\000p\000o\000t\000h\000e\000s\000i\000s\000\040\000V\000e\000r\000i\000f\000i\000c\000a\000t\000i\000o\000n\000\040\000C\000a\000m\000p\000a\000i\000g\000n}{}% 53
\BOOKMARK [1][-]{section.11}{\376\377\000M\000e\000t\000h\000o\000d\000o\000l\000o\000g\000y\000:\000\040\000P\000a\000r\000a\000m\000e\000t\000e\000r\000\040\000F\000r\000e\000e\000z\000i\000n\000g}{part.4}% 54
\BOOKMARK [2][-]{subsection.11.1}{\376\377\000T\000i\000m\000e\000l\000i\000n\000e\000\040\000o\000f\000\040\000P\000a\000r\000a\000m\000e\000t\000e\000r\000\040\000D\000i\000s\000c\000o\000v\000e\000r\000y}{section.11}% 55
\BOOKMARK [1][-]{section.12}{\376\377\000V\000e\000r\000i\000f\000i\000e\000d\000\040\000H\000y\000p\000o\000t\000h\000e\000s\000e\000s\000\040\000\050\0001\0000\000/\0001\0002\000\051}{part.4}% 56
\BOOKMARK [2][-]{subsection.12.1}{\376\377\000H\0003\000:\000\040\000T\000i\000m\000e\000\040\000a\000s\000\040\000I\000n\000f\000o\000r\000m\000a\000t\000i\000o\000n\000\040\000E\000n\000t\000r\000o\000p\000y\000\040\040\024\000\040\000V\000E\000R\000I\000F\000I\000E\000D}{section.12}% 57
\BOOKMARK [2][-]{subsection.12.2}{\376\377\000H\0004\000:\000\040\000P\000a\000r\000t\000i\000c\000l\000e\000s\000\040\000a\000s\000\040\000T\000o\000p\000o\000l\000o\000g\000i\000c\000a\000l\000\040\000V\000o\000r\000t\000i\000c\000e\000s\000\040\040\024\000\040\000V\000E\000R\000I\000F\000I\000E\000D}{section.12}% 58
\BOOKMARK [2][-]{subsection.12.3}{\376\377\000H\0005\000:\000\040\000M\000a\000s\000s\000\040\000a\000s\000\040\000T\000o\000p\000o\000l\000o\000g\000i\000c\000a\000l\000\040\000C\000o\000m\000p\000l\000e\000x\000i\000t\000y\000\040\040\024\000\040\000V\000E\000R\000I\000F\000I\000E\000D\000\040\000\050\000Q\000.\000E\000.\000D\000.\000\051}{section.12}% 59
\BOOKMARK [2][-]{subsection.12.4}{\376\377\000H\0006\000:\000\040\000F\000o\000r\000c\000e\000s\000\040\000a\000s\000\040\000T\000o\000p\000o\000l\000o\000g\000i\000c\000a\000l\000\040\000G\000r\000a\000d\000i\000e\000n\000t\000s\000\040\040\024\000\040\000V\000E\000R\000I\000F\000I\000E\000D}{section.12}% 60
\BOOKMARK [2][-]{subsection.12.5}{\376\377\000H\0008\000:\000\040\0003\0000\000\040\000F\000r\000a\000c\000t\000a\000l\000\040\000L\000a\000y\000e\000r\000s\000\040\000\050\000H\000i\000e\000r\000a\000r\000c\000h\000y\000\040\000P\000r\000o\000b\000l\000e\000m\000\051\000\040\040\024\000\040\000V\000E\000R\000I\000F\000I\000E\000D}{section.12}% 61
\BOOKMARK [2][-]{subsection.12.6}{\376\377\000H\0009\000:\000\040\000G\000r\000a\000v\000i\000t\000y\000\040\000a\000s\000\040\000H\000e\000b\000b\000i\000a\000n\000\040\000L\000e\000a\000r\000n\000i\000n\000g\000\040\040\024\000\040\000V\000E\000R\000I\000F\000I\000E\000D}{section.12}% 62
\BOOKMARK [2][-]{subsection.12.7}{\376\377\000H\0001\0003\000:\000\040\0001\0002\000\040\000=\000\040\000K\000i\000s\000s\000i\000n\000g\000\040\000N\000u\000m\000b\000e\000r\000\040\040\024\000\040\000V\000E\000R\000I\000F\000I\000E\000D}{section.12}% 63
\BOOKMARK [2][-]{subsection.12.8}{\376\377\000H\000-\000K\000n\000o\000t\000:\000\040\000F\000i\000b\000o\000n\000a\000c\000c\000i\000\040\000M\000a\000s\000s\000\040\000S\000t\000r\000u\000c\000t\000u\000r\000e\000\040\040\024\000\040\000V\000E\000R\000I\000F\000I\000E\000D}{section.12}% 64
\BOOKMARK [1][-]{section.13}{\376\377\000P\000a\000r\000t\000i\000a\000l\000l\000y\000\040\000V\000e\000r\000i\000f\000i\000e\000d\000\040\000H\000y\000p\000o\000t\000h\000e\000s\000e\000s\000\040\000\050\0001\000/\0001\0002\000\051}{part.4}% 65
\BOOKMARK [2][-]{subsection.13.1}{\376\377\000H\0007\000:\000\040\000P\000h\000y\000s\000i\000c\000a\000l\000\040\000C\000o\000n\000s\000t\000a\000n\000t\000s\000\040\000a\000s\000\040\000G\000e\000o\000m\000e\000t\000r\000i\000c\000\040\000N\000u\000m\000b\000e\000r\000s\000\040\040\024\000\040\000P\000A\000R\000T\000I\000A\000L}{section.13}% 66
\BOOKMARK [1][-]{section.14}{\376\377\000F\000a\000l\000s\000i\000f\000i\000e\000d\000\040\000H\000y\000p\000o\000t\000h\000e\000s\000i\000s\000\040\000\050\0001\000/\0001\0002\000\051}{part.4}% 67
\BOOKMARK [2][-]{subsection.14.1}{\376\377\000H\0002\000:\000\040\000T\000u\000r\000b\000u\000l\000e\000n\000t\000\040\000E\000t\000h\000e\000r\000\040\040\024\000\040\000F\000A\000L\000S\000I\000F\000I\000E\000D}{section.14}% 68
\BOOKMARK [2][-]{subsection.14.2}{\376\377\000H\0008\000:\000\040\000F\000r\000a\000c\000t\000a\000l\000\040\000S\000c\000a\000l\000i\000n\000g\000\040\000\050\0003\0000\000\040\000L\000a\000y\000e\000r\000s\000\040\000\040\0006\0000\000\040\000O\000r\000d\000e\000r\000s\000\040\000o\000f\000\040\000M\000a\000g\000n\000i\000t\000u\000d\000e\000\051}{section.14}% 69
\BOOKMARK [0][-]{part.5}{\376\377\000V\000\040\000D\000e\000t\000a\000i\000l\000e\000d\000\040\000S\000t\000u\000d\000y\000\040\000S\000u\000m\000m\000a\000r\000i\000e\000s}{}% 70
\BOOKMARK [1][-]{section.15}{\376\377\000G\000a\000u\000g\000e\000\040\000C\000o\000u\000p\000l\000i\000n\000g\000\040\000H\000i\000e\000r\000a\000r\000c\000h\000y\000\040\000S\000t\000u\000d\000i\000e\000s}{part.5}% 71
\BOOKMARK [2][-]{subsection.15.1}{\376\377\000S\000t\000u\000d\000y\000\040\0001\0005\000:\000\040\000E\000l\000e\000c\000t\000r\000o\000w\000e\000a\000k\000\040\000U\000n\000i\000f\000i\000c\000a\000t\000i\000o\000n\000\040\000v\000i\000a\000\040\000C\000o\000m\000p\000e\000t\000i\000n\000g\000\040\000D\000y\000n\000a\000m\000i\000c\000s}{section.15}% 72
\BOOKMARK [2][-]{subsection.15.2}{\376\377\000S\000t\000u\000d\000y\000\040\0004\0007\000:\000\040\000T\000e\000n\000\040\000C\000o\000n\000t\000i\000n\000u\000a\000t\000i\000o\000n\000\040\000T\000a\000s\000k\000s}{section.15}% 73
\BOOKMARK [1][-]{section.16}{\376\377\000M\000a\000s\000s\000\040\000G\000e\000n\000e\000r\000a\000t\000i\000o\000n\000\040\000S\000t\000u\000d\000i\000e\000s}{part.5}% 74
\BOOKMARK [2][-]{subsection.16.1}{\376\377\000S\000t\000u\000d\000y\000\040\0004\0006\000:\000\040\000I\000t\000e\000r\000a\000t\000i\000v\000e\000\040\000C\000a\000l\000i\000b\000r\000a\000t\000i\000o\000n\000\040\000B\000r\000e\000a\000k\000t\000h\000r\000o\000u\000g\000h}{section.16}% 75
\BOOKMARK [1][-]{section.17}{\376\377\000W\000i\000l\000s\000o\000n\000\040\000L\000o\000o\000p\000\040\000S\000t\000u\000d\000i\000e\000s}{part.5}% 76
\BOOKMARK [2][-]{subsection.17.1}{\376\377\000S\000t\000u\000d\000y\000\040\000S\000e\000r\000i\000e\000s\000:\000\040\000I\000n\000v\000e\000r\000s\000e\000\040\000H\000i\000e\000r\000a\000r\000c\000h\000y\000\040\000D\000i\000s\000c\000o\000v\000e\000r\000y}{section.17}% 77
\BOOKMARK [0][-]{part.6}{\376\377\000V\000I\000\040\000T\000h\000e\000\040\000E\000m\000e\000r\000g\000e\000n\000t\000\040\000O\000b\000s\000e\000r\000v\000e\000r}{}% 78
\BOOKMARK [1][-]{section.18}{\376\377\000R\000e\000s\000o\000l\000u\000t\000i\000o\000n\000\040\000o\000f\000\040\000t\000h\000e\000\040\000M\000e\000a\000s\000u\000r\000e\000m\000e\000n\000t\000\040\000P\000r\000o\000b\000l\000e\000m}{part.6}% 79
\BOOKMARK [2][-]{subsection.18.1}{\376\377\000T\000h\000e\000\040\0001\0000\0000\000-\000Y\000e\000a\000r\000\040\000Q\000u\000e\000s\000t\000i\000o\000n}{section.18}% 80
\BOOKMARK [2][-]{subsection.18.2}{\376\377\000T\000h\000e\000\040\000F\000I\000N\000\040\000A\000n\000s\000w\000e\000r}{section.18}% 81
\BOOKMARK [2][-]{subsection.18.3}{\376\377\000T\000h\000e\000\040\000L\000a\000b\000o\000r\000a\000t\000o\000r\000y\000\040\000P\000a\000r\000a\000d\000o\000x}{section.18}% 82
\BOOKMARK [0][-]{part.7}{\376\377\000V\000I\000I\000\040\000S\000u\000m\000m\000a\000r\000y\000\040\000a\000n\000d\000\040\000C\000o\000n\000c\000l\000u\000s\000i\000o\000n\000s}{}% 83
\BOOKMARK [1][-]{section.19}{\376\377\000W\000h\000a\000t\000\040\000H\000a\000s\000\040\000B\000e\000e\000n\000\040\000A\000c\000h\000i\000e\000v\000e\000d}{part.7}% 84
\BOOKMARK [1][-]{section.20}{\376\377\000O\000p\000e\000n\000\040\000Q\000u\000e\000s\000t\000i\000o\000n\000s}{part.7}% 85
\BOOKMARK [1][-]{section.21}{\376\377\000S\000u\000m\000m\000a\000r\000y\000\040\000o\000f\000\040\000H\000y\000p\000o\000t\000h\000e\000s\000i\000s\000\040\000S\000t\000a\000t\000u\000s}{part.7}% 86
\BOOKMARK [1][-]{section.22}{\376\377\000F\000i\000t\000t\000i\000n\000g\000\040\000v\000s\000.\000\040\000D\000e\000r\000i\000v\000a\000t\000i\000o\000n\000:\000\040\000H\000o\000n\000e\000s\000t\000\040\000A\000s\000s\000e\000s\000s\000m\000e\000n\000t}{part.7}% 87
\BOOKMARK [0][-]{part.8}{\376\377\000V\000I\000I\000I\000\040\000C\000o\000m\000p\000l\000e\000t\000e\000\040\000V\000e\000r\000i\000f\000i\000c\000a\000t\000i\000o\000n\000\040\000S\000t\000u\000d\000y\000\040\000A\000r\000c\000h\000i\000v\000e}{}% 88
\BOOKMARK [1][-]{section.23}{\376\377\000T\000I\000E\000R\000\040\0001\000:\000\040\000F\000a\000l\000s\000i\000f\000i\000e\000d\000\040\000H\000y\000p\000o\000t\000h\000e\000s\000e\000s\000\040\000\050\000S\000t\000r\000o\000n\000g\000e\000s\000t\000\040\000S\000c\000i\000e\000n\000t\000i\000f\000i\000c\000\040\000E\000v\000i\000d\000e\000n\000c\000e\000\051}{part.8}% 89
\BOOKMARK [2][-]{subsection.23.1}{\376\377\000H\0002\000:\000\040\000T\000u\000r\000b\000u\000l\000e\000n\000t\000\040\000E\000t\000h\000e\000r\000\040\040\024\000\040\000D\000E\000F\000I\000N\000I\000T\000I\000V\000E\000L\000Y\000\040\000F\000A\000L\000S\000I\000F\000I\000E\000D\000\040\000\050\000Q\000W\000-\0004\0009\0005\000,\000\040\000Q\000W\000-\0005\0009\0009\000\051}{section.23}% 90
\BOOKMARK [3][-]{subsubsection.23.1.1}{\376\377\000B\000a\000c\000k\000g\000r\000o\000u\000n\000d\000\040\000a\000n\000d\000\040\000M\000o\000t\000i\000v\000a\000t\000i\000o\000n}{subsection.23.1}% 91
\BOOKMARK [3][-]{subsubsection.23.1.2}{\376\377\000T\000e\000s\000t\000\040\0001\000:\000\040\000R\000e\000y\000n\000o\000l\000d\000s\000\040\000N\000u\000m\000b\000e\000r\000\040\000M\000e\000a\000s\000u\000r\000e\000m\000e\000n\000t\000\040\000\050\000Q\000W\000-\0004\0009\0005\000\051}{subsection.23.1}% 92
\BOOKMARK [3][-]{subsubsection.23.1.3}{\376\377\000T\000e\000s\000t\000\040\0002\000:\000\040\000P\000o\000w\000e\000r\000\040\000S\000p\000e\000c\000t\000r\000u\000m\000\040\000A\000n\000a\000l\000y\000s\000i\000s\000\040\000\050\000Q\000W\000-\0005\0009\0009\000\051}{subsection.23.1}% 93
\BOOKMARK [3][-]{subsubsection.23.1.4}{\376\377\000F\000o\000l\000l\000o\000w\000-\000u\000p\000\040\000S\000t\000u\000d\000i\000e\000s}{subsection.23.1}% 94
\BOOKMARK [3][-]{subsubsection.23.1.5}{\376\377\000T\000h\000e\000o\000r\000y\000\040\000R\000e\000v\000i\000s\000i\000o\000n}{subsection.23.1}% 95
\BOOKMARK [2][-]{subsection.23.2}{\376\377\003\307\000-\000M\000e\000d\000i\000a\000t\000o\000r\000\040\000M\000a\000s\000s\000\040\000G\000e\000n\000e\000r\000a\000t\000i\000o\000n\000\040\040\024\000\040\000F\000A\000L\000S\000I\000F\000I\000E\000D\000\040\000\050\000S\000t\000u\000d\000y\000\040\0001\000\051}{section.23}% 96
\BOOKMARK [2][-]{subsection.23.3}{\376\377\000D\000y\000n\000a\000m\000i\000c\000\040\000S\000t\000a\000b\000i\000l\000i\000z\000a\000t\000i\000o\000n\000\040\000\050\0004\000\051\000\040\040\024\000\040\000F\000A\000L\000S\000I\000F\000I\000E\000D\000\040\000\050\000S\000t\000u\000d\000y\000\040\0000\000.\0008\000\051}{section.23}% 97
\BOOKMARK [2][-]{subsection.23.4}{\376\377\000Q\000W\000-\000V\0001\0006\0006\000:\000\040\0003\000D\000\040\000S\000p\000e\000c\000t\000r\000a\000l\000\040\000D\000i\000m\000e\000n\000s\000i\000o\000n\000\040\040\024\000\040\000F\000A\000L\000S\000I\000F\000I\000E\000D\000\040\000I\000N\000T\000E\000R\000P\000R\000E\000T\000A\000T\000I\000O\000N}{section.23}% 98
\BOOKMARK [1][-]{section.24}{\376\377\000T\000I\000E\000R\000\040\0002\000:\000\040\000E\000x\000a\000c\000t\000\040\000P\000r\000e\000d\000i\000c\000t\000i\000o\000n\000s\000\040\000\050\0000\000\045\000\040\000E\000r\000r\000o\000r\000\051}{part.8}% 99
\BOOKMARK [2][-]{subsection.24.1}{\376\377\000Q\000W\000-\0004\0008\0000\000:\000\040\000G\000r\000a\000v\000i\000t\000a\000t\000i\000o\000n\000a\000l\000\040\000H\000i\000e\000r\000a\000r\000c\000h\000y\000\040\040\024\000\040\000E\000X\000A\000C\000T\000\040\000M\000A\000T\000C\000H}{section.24}% 100
\BOOKMARK [2][-]{subsection.24.2}{\376\377\000Q\000W\000-\0004\0007\000\040\000\046\000\040\000Q\000W\000-\0009\0008\0003\000:\000\040\000W\000e\000i\000n\000b\000e\000r\000g\000\040\000A\000n\000g\000l\000e\000\040\040\024\000\040\000E\000X\000A\000C\000T\000\040\000M\000A\000T\000C\000H}{section.24}% 101
\BOOKMARK [2][-]{subsection.24.3}{\376\377\000S\000t\000u\000d\000y\000\040\0004\0006\000:\000\040\000G\000a\000u\000g\000e\000\040\000C\000o\000u\000p\000l\000i\000n\000g\000\040\000R\000a\000t\000i\000o\000s\000\040\040\024\000\040\000E\000X\000A\000C\000T\000\040\000M\000A\000T\000C\000H}{section.24}% 102
\BOOKMARK [2][-]{subsection.24.4}{\376\377\000Q\000W\000-\000V\0001\0002\0005\000:\000\040\000E\000l\000e\000c\000t\000r\000o\000n\000\040\000a\000n\000d\000\040\000M\000u\000o\000n\000\040\000M\000a\000s\000s\000e\000s\000\040\040\024\000\040\000E\000X\000A\000C\000T\000\040\000M\000A\000T\000C\000H}{section.24}% 103
\BOOKMARK [1][-]{section.25}{\376\377\000T\000I\000E\000R\000\040\0003\000:\000\040\000H\000i\000g\000h\000\040\000P\000r\000e\000c\000i\000s\000i\000o\000n\000\040\000P\000r\000e\000d\000i\000c\000t\000i\000o\000n\000s\000\040\000\050\000<\0001\000\045\000\040\000E\000r\000r\000o\000r\000\051}{part.8}% 104
\BOOKMARK [2][-]{subsection.25.1}{\376\377\000Q\000W\000-\000V\0001\0006\0004\000/\000Q\000W\000-\0004\0008\0002\000:\000\040\000F\000i\000n\000e\000\040\000S\000t\000r\000u\000c\000t\000u\000r\000e\000\040\000C\000o\000n\000s\000t\000a\000n\000t\000\040\000\050\0000\000.\0001\0005\000\045\000\040\000E\000r\000r\000o\000r\000\051}{section.25}% 105
\BOOKMARK [2][-]{subsection.25.2}{\376\377\000S\000t\000u\000d\000y\000\040\0004\0006\000:\000\040\000M\000W\000/\000M\000Z\000\040\000R\000a\000t\000i\000o\000\040\000\050\0000\000.\0007\0009\000\045\000\040\000E\000r\000r\000o\000r\000\051}{section.25}% 106
\BOOKMARK [2][-]{subsection.25.3}{\376\377\000Q\000W\000-\000V\0001\0002\0005\000:\000\040\000T\000a\000u\000\040\000M\000a\000s\000s\000\040\000\050\0000\000.\0003\0004\000\045\000\040\000E\000r\000r\000o\000r\000\051}{section.25}% 107
\BOOKMARK [2][-]{subsection.25.4}{\376\377\000Q\000W\000-\0006\0001\0001\000:\000\040\000O\000c\000t\000a\000v\000e\000-\000L\000a\000y\000e\000r\000\040\000O\000r\000t\000h\000o\000g\000o\000n\000a\000l\000i\000t\000y\000\040\000\050\0000\000.\0007\000\045\000\040\000E\000r\000r\000o\000r\000\051}{section.25}% 108
\BOOKMARK [1][-]{section.26}{\376\377\000T\000I\000E\000R\000\040\0004\000:\000\040\000M\000o\000d\000e\000r\000a\000t\000e\000\040\000P\000r\000e\000c\000i\000s\000i\000o\000n\000\040\000P\000r\000e\000d\000i\000c\000t\000i\000o\000n\000s\000\040\000\050\0001\040\023\0001\0000\000\045\000\040\000E\000r\000r\000o\000r\000\051}{part.8}% 109
\BOOKMARK [2][-]{subsection.26.1}{\376\377\000Q\000W\000-\0002\0001\0004\000:\000\040\000C\000M\000B\000\040\000S\000p\000e\000c\000t\000r\000a\000l\000\040\000I\000n\000d\000e\000x\000\040\000\050\0001\000.\0006\000\045\000\040\000E\000r\000r\000o\000r\000\051}{section.26}% 110
\BOOKMARK [2][-]{subsection.26.2}{\376\377\000Q\000W\000-\0005\0005\0007\000:\000\040\000U\000n\000i\000v\000e\000r\000s\000a\000l\000\040\000N\000\040\000S\000c\000a\000l\000i\000n\000g\000\040\000\050\0001\000.\0005\000\045\000\040\000M\000e\000a\000n\000\040\000E\000r\000r\000o\000r\000\051}{section.26}% 111
\BOOKMARK [2][-]{subsection.26.3}{\376\377\000Q\000W\000-\0001\0001\0005\0009\000:\000\040\000U\000n\000i\000v\000e\000r\000s\000a\000l\000\040\000M\000a\000s\000s\000\040\000F\000o\000r\000m\000u\000l\000a\000\040\000\050\0004\000.\0002\000\045\000\040\000M\000e\000a\000n\000\040\000E\000r\000r\000o\000r\000\051}{section.26}% 112
\BOOKMARK [2][-]{subsection.26.4}{\376\377\000Q\000W\000-\0001\0001\0006\0000\000:\000\040\000S\000c\000a\000l\000e\000\040\000I\000n\000v\000a\000r\000i\000a\000n\000c\000e\000\040\000o\000f\000\040\000\040\000\050\000R\000u\000n\000n\000i\000n\000g\000:\000\040\000-\0000\000.\0000\0000\0007\000\051}{section.26}% 113
\BOOKMARK [2][-]{subsection.26.5}{\376\377\000Q\000W\000-\000V\0001\0006\0002\000:\000\040\000E\000n\000t\000r\000o\000p\000i\000c\000\040\000G\000r\000a\000v\000i\000t\000y\000\040\000\050\000R\0002\000\040\000=\000\040\0000\000.\0009\0000\000\051}{section.26}% 114
\BOOKMARK [1][-]{section.27}{\376\377\000T\000I\000E\000R\000\040\0005\000:\000\040\000Q\000u\000a\000l\000i\000t\000a\000t\000i\000v\000e\000\040\000C\000o\000n\000f\000i\000r\000m\000a\000t\000i\000o\000n\000s}{part.8}% 115
\BOOKMARK [2][-]{subsection.27.1}{\376\377\000S\000t\000u\000d\000y\000\040\0001\0001\0003\000:\000\040\000G\000a\000u\000g\000e\000\040\000G\000r\000o\000u\000p\000\040\000E\000m\000e\000r\000g\000e\000n\000c\000e}{section.27}% 116
\BOOKMARK [2][-]{subsection.27.2}{\376\377\000S\000t\000u\000d\000y\000\040\0004\000:\000\040\000W\000i\000l\000s\000o\000n\000\040\000L\000o\000o\000p\000\040\000N\000o\000n\000-\000T\000r\000i\000v\000i\000a\000l\000i\000t\000y}{section.27}% 117
\BOOKMARK [2][-]{subsection.27.3}{\376\377\000Q\000W\000-\0007\0002\0002\000:\000\040\000E\000m\000e\000r\000g\000e\000n\000t\000\040\000G\000r\000a\000v\000i\000t\000y\000\040\000E\000x\000p\000o\000n\000e\000n\000t}{section.27}% 118
\BOOKMARK [2][-]{subsection.27.4}{\376\377\000Q\000W\000-\0006\0008\0004\000/\0006\0008\0007\000:\000\040\000E\000m\000e\000r\000g\000e\000n\000t\000\040\000O\000b\000s\000e\000r\000v\000e\000r}{section.27}% 119
\BOOKMARK [2][-]{subsection.27.5}{\376\377\000Q\000W\000-\0006\0009\0002\000:\000\040\000B\000e\000l\000l\000\040\000T\000e\000s\000t\000\040\000R\000e\000s\000o\000l\000u\000t\000i\000o\000n}{section.27}% 120
\BOOKMARK [1][-]{section.28}{\376\377\000T\000o\000p\000o\000l\000o\000g\000i\000c\000a\000l\000\040\000M\000a\000s\000s\000\040\000G\000e\000n\000e\000s\000i\000s\000\040\000C\000a\000m\000p\000a\000i\000g\000n\000\040\000\050\000Q\000W\000-\0001\0000\0009\0007\000\040\000t\000o\000\040\000Q\000W\000-\0001\0001\0006\0000\000\051}{part.8}% 121
\BOOKMARK [2][-]{subsection.28.1}{\376\377\000Q\000W\000-\0001\0000\0009\0007\000:\000\040\000B\000o\000h\000r\000-\000l\000i\000k\000e\000\040\000Q\000u\000a\000n\000t\000i\000z\000a\000t\000i\000o\000n}{section.28}% 122
\BOOKMARK [2][-]{subsection.28.2}{\376\377\000Q\000W\000-\0001\0001\0000\0000\000:\000\040\0004\000-\000B\000i\000t\000\040\000S\000t\000a\000t\000e\000\040\000E\000n\000u\000m\000e\000r\000a\000t\000i\000o\000n}{section.28}% 123
\BOOKMARK [2][-]{subsection.28.3}{\376\377\000Q\000W\000-\0001\0001\0002\0002\000:\000\040\0004\000-\000B\000i\000t\000\040\000A\000d\000d\000r\000e\000s\000s\000i\000n\000g}{section.28}% 124
\BOOKMARK [2][-]{subsection.28.4}{\376\377\000Q\000W\000-\0001\0001\0005\0009\000:\000\040\000U\000n\000i\000v\000e\000r\000s\000a\000l\000\040\000M\000a\000s\000s\000\040\000F\000o\000r\000m\000u\000l\000a\000\040\000\050\000B\000R\000E\000A\000K\000T\000H\000R\000O\000U\000G\000H\000\051}{section.28}% 125
\BOOKMARK [2][-]{subsection.28.5}{\376\377\000Q\000W\000-\0001\0001\0006\0000\000:\000\040\000S\000c\000a\000l\000e\000\040\000I\000n\000v\000a\000r\000i\000a\000n\000c\000e\000\040\000C\000o\000n\000f\000i\000r\000m\000e\000d}{section.28}% 126
\BOOKMARK [1][-]{section.29}{\376\377\000S\000u\000m\000m\000a\000r\000y\000\040\000o\000f\000\040\000Q\000W\000\040\000C\000a\000m\000p\000a\000i\000g\000n\000\040\000S\000t\000a\000t\000i\000s\000t\000i\000c\000s}{part.8}% 127
\BOOKMARK [0][-]{part.9}{\376\377\000I\000X\000\040\000A\000p\000p\000e\000n\000d\000i\000c\000e\000s}{}% 128
\BOOKMARK [1][-]{appendix.A}{\376\377\000C\000o\000m\000p\000l\000e\000t\000e\000\040\000K\000e\000r\000n\000e\000l\000\040\000F\000o\000r\000m\000u\000l\000a\000\040\000D\000e\000r\000i\000v\000a\000t\000i\000o\000n}{part.9}% 129
\BOOKMARK [2][-]{subsection.A.1}{\376\377\000S\000t\000e\000p\000\040\0001\000:\000\040\000G\000e\000o\000m\000e\000t\000r\000i\000c\000\040\000V\000i\000s\000c\000o\000s\000i\000t\000y}{appendix.A}% 130
\BOOKMARK [2][-]{subsection.A.2}{\376\377\000S\000t\000e\000p\000\040\0002\000:\000\040\000F\000r\000a\000c\000t\000a\000l\000\040\000P\000a\000t\000h\000\040\000S\000u\000m\000m\000a\000t\000i\000o\000n}{appendix.A}% 131
\BOOKMARK [2][-]{subsection.A.3}{\376\377\000S\000t\000e\000p\000\040\0003\000:\000\040\000T\000o\000r\000s\000i\000o\000n\000\040\000O\000s\000c\000i\000l\000l\000a\000t\000i\000o\000n}{appendix.A}% 132
\BOOKMARK [2][-]{subsection.A.4}{\376\377\000S\000t\000e\000p\000\040\0004\000:\000\040\000C\000o\000m\000b\000i\000n\000e\000d\000\040\000F\000o\000r\000m\000u\000l\000a}{appendix.A}% 133
\BOOKMARK [1][-]{appendix.B}{\376\377\000L\000a\000g\000r\000a\000n\000g\000i\000a\000n\000\040\000C\000o\000m\000p\000o\000n\000e\000n\000t\000s}{part.9}% 134
\BOOKMARK [2][-]{subsection.B.1}{\376\377\000K\000i\000n\000e\000t\000i\000c\000\040\000T\000e\000r\000m\000s}{appendix.B}% 135
\BOOKMARK [2][-]{subsection.B.2}{\376\377\000P\000o\000t\000e\000n\000t\000i\000a\000l\000\040\000T\000e\000r\000m\000s}{appendix.B}% 136
\BOOKMARK [2][-]{subsection.B.3}{\376\377\000I\000n\000t\000e\000r\000a\000c\000t\000i\000o\000n\000\040\000T\000e\000r\000m\000s}{appendix.B}% 137
\BOOKMARK [1][-]{appendix.C}{\376\377\000N\000u\000m\000e\000r\000i\000c\000a\000l\000\040\000M\000e\000t\000h\000o\000d\000s}{part.9}% 138
\BOOKMARK [2][-]{subsection.C.1}{\376\377\000G\000r\000o\000u\000n\000d\000\040\000S\000t\000a\000t\000e\000\040\000F\000i\000n\000d\000i\000n\000g}{appendix.C}% 139
\BOOKMARK [2][-]{subsection.C.2}{\376\377\000E\000i\000g\000e\000n\000v\000a\000l\000u\000e\000\040\000A\000n\000a\000l\000y\000s\000i\000s}{appendix.C}% 140
\BOOKMARK [2][-]{subsection.C.3}{\376\377\000W\000i\000l\000s\000o\000n\000\040\000L\000o\000o\000p\000s}{appendix.C}% 141
\BOOKMARK [1][-]{appendix.D}{\376\377\000G\000l\000o\000s\000s\000a\000r\000y\000\040\000o\000f\000\040\000K\000e\000y\000\040\000T\000e\000r\000m\000s}{part.9}% 142
\BOOKMARK [0][-]{part.10}{\376\377\000X\000\040\000C\000o\000m\000p\000r\000e\000h\000e\000n\000s\000i\000v\000e\000\040\000H\000y\000p\000o\000t\000h\000e\000s\000i\000s\000\040\000V\000e\000r\000i\000f\000i\000c\000a\000t\000i\000o\000n\000\040\000C\000a\000m\000p\000a\000i\000g\000n}{}% 143
\BOOKMARK [1][-]{appendix.E}{\376\377\000H\000y\000p\000o\000t\000h\000e\000s\000i\000s\000\040\000H\0001\000:\000\040\000T\000h\000e\000\040\000K\000e\000r\000n\000e\000l\000\040\040\024\000\040\000V\000e\000r\000i\000f\000i\000e\000d}{part.10}% 144
\BOOKMARK [2][-]{subsection.E.1}{\376\377\000V\000e\000r\000i\000f\000i\000c\000a\000t\000i\000o\000n\000\040\000S\000t\000u\000d\000i\000e\000s}{appendix.E}% 145
\BOOKMARK [2][-]{subsection.E.2}{\376\377\000K\000e\000y\000\040\000D\000e\000r\000i\000v\000a\000t\000i\000o\000n\000s\000\040\000f\000r\000o\000m\000\040\000K\000\050\000d\000\051}{appendix.E}% 146
\BOOKMARK [1][-]{appendix.F}{\376\377\000H\000y\000p\000o\000t\000h\000e\000s\000i\000s\000\040\000H\0002\000:\000\040\000T\000u\000r\000b\000u\000l\000e\000n\000t\000\040\000E\000t\000h\000e\000r\000\040\040\024\000\040\000F\000a\000l\000s\000i\000f\000i\000e\000d}{part.10}% 147
\BOOKMARK [2][-]{subsection.F.1}{\376\377\000F\000a\000l\000s\000i\000f\000y\000i\000n\000g\000\040\000S\000t\000u\000d\000i\000e\000s}{appendix.F}% 148
\BOOKMARK [1][-]{appendix.G}{\376\377\000H\000y\000p\000o\000t\000h\000e\000s\000i\000s\000\040\000H\0003\000:\000\040\000P\000a\000r\000t\000i\000c\000l\000e\000s\000\040\000a\000s\000\040\000O\000c\000t\000a\000v\000e\000\040\000R\000e\000s\000o\000n\000a\000n\000c\000e\000s\000\040\040\024\000\040\000V\000e\000r\000i\000f\000i\000e\000d}{part.10}% 149
\BOOKMARK [2][-]{subsection.G.1}{\376\377\000V\000e\000r\000i\000f\000i\000c\000a\000t\000i\000o\000n\000\040\000S\000t\000u\000d\000i\000e\000s}{appendix.G}% 150
\BOOKMARK [1][-]{appendix.H}{\376\377\000H\000y\000p\000o\000t\000h\000e\000s\000i\000s\000\040\000H\0004\000:\000\040\000G\000a\000u\000g\000e\000\040\000E\000m\000e\000r\000g\000e\000n\000c\000e\000\040\040\024\000\040\000V\000e\000r\000i\000f\000i\000e\000d}{part.10}% 151
\BOOKMARK [2][-]{subsection.H.1}{\376\377\000V\000e\000r\000i\000f\000i\000c\000a\000t\000i\000o\000n\000\040\000S\000t\000u\000d\000i\000e\000s}{appendix.H}% 152
\BOOKMARK [1][-]{appendix.I}{\376\377\000H\000y\000p\000o\000t\000h\000e\000s\000i\000s\000\040\000H\0005\000:\000\040\000M\000a\000s\000s\000\040\000a\000s\000\040\000R\000e\000s\000i\000s\000t\000a\000n\000c\000e\000\040\040\024\000\040\000P\000a\000r\000t\000i\000a\000l\000l\000y\000\040\000V\000e\000r\000i\000f\000i\000e\000d}{part.10}% 153
\BOOKMARK [2][-]{subsection.I.1}{\376\377\000V\000e\000r\000i\000f\000i\000c\000a\000t\000i\000o\000n\000\040\000S\000t\000u\000d\000i\000e\000s}{appendix.I}% 154
\BOOKMARK [1][-]{appendix.J}{\376\377\000H\000y\000p\000o\000t\000h\000e\000s\000i\000s\000\040\000H\0006\000:\000\040\000G\000r\000a\000v\000i\000t\000y\000\040\000a\000s\000\040\000G\000r\000a\000d\000i\000e\000n\000t\000\040\040\024\000\040\000V\000e\000r\000i\000f\000i\000e\000d}{part.10}% 155
\BOOKMARK [2][-]{subsection.J.1}{\376\377\000V\000e\000r\000i\000f\000i\000c\000a\000t\000i\000o\000n\000\040\000S\000t\000u\000d\000i\000e\000s}{appendix.J}% 156
\BOOKMARK [1][-]{appendix.K}{\376\377\000H\000y\000p\000o\000t\000h\000e\000s\000i\000s\000\040\000H\0007\000:\000\040\000D\000e\000r\000i\000v\000a\000b\000i\000l\000i\000t\000y\000\040\000o\000f\000\040\000C\000o\000n\000s\000t\000a\000n\000t\000s\000\040\040\024\000\040\000P\000a\000r\000t\000i\000a\000l\000l\000y\000\040\000V\000e\000r\000i\000f\000i\000e\000d}{part.10}% 157
\BOOKMARK [2][-]{subsection.K.1}{\376\377\000S\000u\000c\000c\000e\000s\000s\000f\000u\000l\000l\000y\000\040\000D\000e\000r\000i\000v\000e\000d}{appendix.K}% 158
\BOOKMARK [2][-]{subsection.K.2}{\376\377\000N\000o\000t\000\040\000Y\000e\000t\000\040\000D\000e\000r\000i\000v\000e\000d}{appendix.K}% 159
\BOOKMARK [1][-]{appendix.L}{\376\377\000H\000y\000p\000o\000t\000h\000e\000s\000i\000s\000\040\000H\0008\000:\000\040\0003\0000\000\040\000F\000r\000a\000c\000t\000a\000l\000\040\000L\000a\000y\000e\000r\000s\000\040\040\024\000\040\000V\000e\000r\000i\000f\000i\000e\000d}{part.10}% 160
\BOOKMARK [2][-]{subsection.L.1}{\376\377\000V\000e\000r\000i\000f\000i\000c\000a\000t\000i\000o\000n\000\040\000S\000t\000u\000d\000i\000e\000s}{appendix.L}% 161
\BOOKMARK [1][-]{appendix.M}{\376\377\000H\000y\000p\000o\000t\000h\000e\000s\000i\000s\000\040\000H\0009\000:\000\040\000I\000n\000f\000o\000r\000m\000a\000t\000i\000o\000n\000-\000G\000e\000o\000m\000e\000t\000r\000y\000\040\000I\000d\000e\000n\000t\000i\000t\000y\000\040\040\024\000\040\000V\000e\000r\000i\000f\000i\000e\000d}{part.10}% 162
\BOOKMARK [2][-]{subsection.M.1}{\376\377\000C\000o\000n\000n\000e\000c\000t\000i\000o\000n\000\040\000t\000o\000\040\000F\000r\000a\000c\000t\000a\000l\000\040\000G\000e\000o\000m\000e\000t\000r\000y\000\040\000\050\000Q\000W\000-\0004\0008\0003\000\051}{appendix.M}% 163
\BOOKMARK [2][-]{subsection.M.2}{\376\377\000V\000e\000r\000i\000f\000i\000c\000a\000t\000i\000o\000n}{appendix.M}% 164
\BOOKMARK [1][-]{appendix.N}{\376\377\000H\000y\000p\000o\000t\000h\000e\000s\000i\000s\000\040\000H\0001\0000\000:\000\040\000E\000m\000e\000r\000g\000e\000n\000t\000\040\000O\000b\000s\000e\000r\000v\000e\000r\000\040\040\024\000\040\000V\000e\000r\000i\000f\000i\000e\000d}{part.10}% 165
\BOOKMARK [2][-]{subsection.N.1}{\376\377\000V\000e\000r\000i\000f\000i\000c\000a\000t\000i\000o\000n\000\040\000S\000t\000u\000d\000i\000e\000s}{appendix.N}% 166
\BOOKMARK [1][-]{appendix.O}{\376\377\000H\000y\000p\000o\000t\000h\000e\000s\000i\000s\000\040\000H\0001\0001\000:\000\040\000T\000o\000p\000o\000l\000o\000g\000i\000c\000a\000l\000\040\000M\000a\000s\000s\000\040\000G\000e\000n\000e\000s\000i\000s\000\040\040\024\000\040\000V\000e\000r\000i\000f\000i\000e\000d\000\040\000\050\000v\0003\000.\0002\000\051}{part.10}% 167
\BOOKMARK [2][-]{subsection.O.1}{\376\377\000T\000h\000e\000\040\000U\000n\000i\000v\000e\000r\000s\000a\000l\000\040\000M\000a\000s\000s\000\040\000F\000o\000r\000m\000u\000l\000a}{appendix.O}% 168
\BOOKMARK [2][-]{subsection.O.2}{\376\377\000T\000h\000e\000\040\000F\000i\000b\000o\000n\000a\000c\000c\000i\000\040\000K\000n\000o\000t\000\040\000H\000y\000p\000o\000t\000h\000e\000s\000i\000s}{appendix.O}% 169
\BOOKMARK [2][-]{subsection.O.3}{\376\377\000S\000c\000a\000l\000e\000\040\000I\000n\000v\000a\000r\000i\000a\000n\000c\000e\000\040\000\050\000Q\000W\000-\0001\0001\0006\0000\000\051}{appendix.O}% 170
\BOOKMARK [1][-]{appendix.P}{\376\377\000S\000u\000m\000m\000a\000r\000y\000:\000\040\000H\000y\000p\000o\000t\000h\000e\000s\000i\000s\000\040\000S\000t\000a\000t\000u\000s}{part.10}% 171
\BOOKMARK [0][-]{part.11}{\376\377\000X\000I\000\040\000P\000r\000e\000c\000i\000s\000i\000o\000n\000\040\000T\000e\000s\000t\000s\000:\000\040\000F\000i\000v\000e\000\040\000Z\000e\000r\000o\000-\000F\000i\000t\000t\000i\000n\000g\000\040\000E\000x\000p\000e\000r\000i\000m\000e\000n\000t\000s}{}% 172
\BOOKMARK [1][-]{appendix.Q}{\376\377\000Q\000W\000-\0004\0001\0005\000:\000\040\000H\000i\000g\000g\000s\000\040\000M\000a\000s\000s\000\040\000R\000a\000t\000i\000o}{part.11}% 173
\BOOKMARK [1][-]{appendix.R}{\376\377\000Q\000W\000-\0004\0001\0006\000:\000\040\000G\000r\000a\000v\000i\000t\000a\000t\000i\000o\000n\000a\000l\000\040\000S\000t\000r\000e\000n\000g\000t\000h}{part.11}% 174
\BOOKMARK [1][-]{appendix.S}{\376\377\000Q\000W\000-\0004\0001\0007\000:\000\040\000T\000o\000p\000\040\000Q\000u\000a\000r\000k\000\040\000Y\000u\000k\000a\000w\000a}{part.11}% 175
\BOOKMARK [1][-]{appendix.T}{\376\377\000Q\000W\000-\0004\0001\0008\000:\000\040\000V\000a\000c\000u\000u\000m\000\040\000E\000n\000e\000r\000g\000y\000\040\000C\000a\000n\000c\000e\000l\000l\000a\000t\000i\000o\000n}{part.11}% 176
\BOOKMARK [1][-]{appendix.U}{\376\377\000Q\000W\000-\0004\0001\0009\000:\000\040\000C\000K\000M\000\040\000G\000e\000o\000m\000e\000t\000r\000y}{part.11}% 177
\BOOKMARK [1][-]{appendix.V}{\376\377\000P\000r\000e\000c\000i\000s\000i\000o\000n\000\040\000T\000e\000s\000t\000s\000\040\000S\000u\000m\000m\000a\000r\000y}{part.11}% 178
\BOOKMARK [0][-]{part.12}{\376\377\000X\000I\000I\000\040\000C\000o\000m\000p\000l\000e\000t\000e\000\040\000M\000a\000t\000h\000e\000m\000a\000t\000i\000c\000a\000l\000\040\000D\000e\000r\000i\000v\000a\000t\000i\000o\000n\000s}{}% 179
\BOOKMARK [1][-]{appendix.W}{\376\377\000T\000h\000e\000\040\000I\000n\000f\000o\000-\000G\000e\000o\000m\000e\000t\000r\000y\000\040\000I\000d\000e\000n\000t\000i\000t\000y\000:\000\040\000S\000y\000m\000b\000o\000l\000i\000c\000\040\000H\000e\000a\000r\000t\000\040\000o\000f\000\040\000F\000I\000N\000\040\000T\000h\000e\000o\000r\000y}{part.12}% 180
\BOOKMARK [2][-]{subsection.W.1}{\376\377\000D\000e\000r\000i\000v\000a\000t\000i\000o\000n\000\040\000f\000r\000o\000m\000\040\000I\000n\000f\000o\000r\000m\000a\000t\000i\000o\000n\000\040\000T\000h\000e\000o\000r\000y}{appendix.W}% 181
\BOOKMARK [2][-]{subsection.W.2}{\376\377\000W\000h\000y\000\040\000g\000e\000o\000\040\000A\000p\000p\000e\000a\000r\000s\000\040\000E\000v\000e\000r\000y\000w\000h\000e\000r\000e}{appendix.W}% 182
\BOOKMARK [2][-]{subsection.W.3}{\376\377\000S\000y\000m\000b\000o\000l\000i\000c\000\040\000M\000e\000a\000n\000i\000n\000g}{appendix.W}% 183
\BOOKMARK [1][-]{appendix.X}{\376\377\000D\000e\000r\000i\000v\000a\000t\000i\000o\000n\000\040\000o\000f\000\040\000t\000h\000e\000\040\000K\000e\000r\000n\000e\000l\000\040\000f\000r\000o\000m\000\040\000F\000i\000r\000s\000t\000\040\000P\000r\000i\000n\000c\000i\000p\000l\000e\000s}{part.12}% 184
\BOOKMARK [2][-]{subsection.X.1}{\376\377\000A\000x\000i\000o\000m\000s}{appendix.X}% 185
\BOOKMARK [2][-]{subsection.X.2}{\376\377\000C\000o\000n\000s\000t\000r\000u\000c\000t\000i\000o\000n}{appendix.X}% 186
\BOOKMARK [1][-]{appendix.Y}{\376\377\000D\000e\000r\000i\000v\000a\000t\000i\000o\000n\000\040\000o\000f\000\040\000W\000e\000i\000n\000b\000e\000r\000g\000\040\000A\000n\000g\000l\000e}{part.12}% 187
\BOOKMARK [1][-]{appendix.Z}{\376\377\000D\000e\000r\000i\000v\000a\000t\000i\000o\000n\000\040\000o\000f\000\040\000F\000i\000n\000e\000\040\000S\000t\000r\000u\000c\000t\000u\000r\000e\000\040\000C\000o\000n\000s\000t\000a\000n\000t}{part.12}% 188
\BOOKMARK [1][-]{appendix.Alph27}{\376\377\000D\000e\000r\000i\000v\000a\000t\000i\000o\000n\000\040\000o\000f\000\040\000G\000r\000a\000v\000i\000t\000a\000t\000i\000o\000n\000a\000l\000\040\000H\000i\000e\000r\000a\000r\000c\000h\000y}{part.12}% 189
\BOOKMARK [1][-]{appendix.Alph28}{\376\377\000D\000e\000r\000i\000v\000a\000t\000i\000o\000n\000\040\000o\000f\000\040\000U\000n\000i\000v\000e\000r\000s\000a\000l\000\040\000M\000a\000s\000s\000\040\000F\000o\000r\000m\000u\000l\000a}{part.12}% 190
\BOOKMARK [1][-]{appendix.Alph29}{\376\377\000S\000t\000a\000t\000u\000s\000\040\000o\000f\000\040\000K\000o\000i\000d\000e\000\040\000R\000e\000l\000a\000t\000i\000o\000n\000:\000\040\000S\000u\000p\000e\000r\000s\000e\000d\000e\000d\000\040\000b\000y\000\040\000Q\000W\000-\0001\0001\0005\0009\000+}{part.12}% 191
\BOOKMARK [2][-]{subsection.Alph29.1}{\376\377\000H\000i\000s\000t\000o\000r\000i\000c\000a\000l\000\040\000C\000o\000n\000t\000e\000x\000t}{appendix.Alph29}% 192
\BOOKMARK [2][-]{subsection.Alph29.2}{\376\377\000S\000u\000p\000e\000r\000s\000e\000s\000s\000i\000o\000n\000\040\000b\000y\000\040\000T\000o\000p\000o\000l\000o\000g\000i\000c\000a\000l\000\040\000M\000a\000s\000s\000\040\000G\000e\000n\000e\000s\000i\000s}{appendix.Alph29}% 193
\BOOKMARK [0][-]{part.13}{\376\377\000X\000I\000I\000I\000\040\000D\000e\000r\000i\000v\000a\000t\000i\000o\000n\000\040\000G\000a\000p\000\040\000A\000n\000a\000l\000y\000s\000i\000s\000:\000\040\000Q\000W\000-\0009\0007\0007\000\040\000t\000o\000\040\000Q\000W\000-\0009\0009\0006}{}% 194
\BOOKMARK [1][-]{appendix.Alph30}{\376\377\000Q\000W\000-\0009\0007\0007\000:\000\040\000P\000o\000t\000e\000n\000t\000i\000a\000l\000\040\000V\000\050\000\051\000\040\000f\000r\000o\000m\000\040\000K\000\050\000d\000\051}{part.13}% 195
\BOOKMARK [1][-]{appendix.Alph31}{\376\377\000Q\000W\000-\0009\0007\0008\000:\000\040\000F\000i\000n\000e\000\040\000S\000t\000r\000u\000c\000t\000u\000r\000e\000\040\000f\000r\000o\000m\000\040\0001\0002\000\040\000O\000c\000t\000a\000v\000e\000s}{part.13}% 196
\BOOKMARK [1][-]{appendix.Alph32}{\376\377\000Q\000W\000-\0009\0008\0000\000:\000\040\000C\000o\000n\000f\000i\000n\000e\000m\000e\000n\000t\000\040\000f\000r\000o\000m\000\040\000K\000\050\000d\000\051\000\040\000I\000n\000t\000e\000g\000r\000a\000l}{part.13}% 197
\BOOKMARK [1][-]{appendix.Alph33}{\376\377\000Q\000W\000-\0009\0008\0003\000:\000\040\000W\000e\000i\000n\000b\000e\000r\000g\000\040\000V\000e\000r\000i\000f\000i\000c\000a\000t\000i\000o\000n}{part.13}% 198
\BOOKMARK [1][-]{appendix.Alph34}{\376\377\000Q\000W\000-\0009\0008\0008\000:\000\040\000R\000u\000n\000n\000i\000n\000g\000\040\000C\000o\000u\000p\000l\000i\000n\000g}{part.13}% 199
\BOOKMARK [1][-]{appendix.Alph35}{\376\377\000Q\000W\000-\0009\0009\0002\000:\000\040\000P\000r\000o\000t\000o\000n\000\040\000S\000t\000a\000b\000i\000l\000i\000t\000y}{part.13}% 200
\BOOKMARK [1][-]{appendix.Alph36}{\376\377\000S\000u\000m\000m\000a\000r\000y\000:\000\040\000W\000h\000a\000t\000\040\000I\000s\000\040\000D\000e\000r\000i\000v\000e\000d}{part.13}% 201
\BOOKMARK [0][-]{part.14}{\376\377\000X\000I\000V\000\040\000C\000o\000m\000p\000l\000e\000t\000e\000\040\000S\000t\000u\000d\000y\000\040\000A\000r\000c\000h\000i\000v\000e\000:\000\040\000F\000r\000a\000c\000t\000a\000l\000\040\000H\000i\000e\000r\000a\000r\000c\000h\000y\000\040\000a\000n\000d\000\040\000T\000u\000r\000b\000u\000l\000e\000n\000c\000e}{}% 202
\BOOKMARK [1][-]{appendix.Alph37}{\376\377\000T\000h\000e\000\040\000F\000r\000a\000c\000t\000a\000l\000\040\000S\000c\000a\000l\000i\000n\000g\000\040\000S\000u\000i\000t\000e\000\040\000\050\000Q\000W\000-\0004\0008\0000\000\040\000t\000o\000\040\000Q\000W\000-\0004\0008\0004\000\051}{part.14}% 203
\BOOKMARK [2][-]{subsection.Alph37.1}{\376\377\000Q\000W\000-\0004\0008\0000\000:\000\040\000G\000r\000a\000v\000i\000t\000y\000\040\000H\000i\000e\000r\000a\000r\000c\000h\000y\000\040\000S\000o\000l\000u\000t\000i\000o\000n}{appendix.Alph37}% 204
\BOOKMARK [2][-]{subsection.Alph37.2}{\376\377\000Q\000W\000-\0004\0008\0001\000:\000\040\000L\000e\000p\000t\000o\000n\000\040\000M\000a\000s\000s\000\040\000S\000c\000a\000l\000i\000n\000g\000\040\000\050\0007\000.\0001\000\051}{appendix.Alph37}% 205
\BOOKMARK [2][-]{subsection.Alph37.3}{\376\377\000Q\000W\000-\0004\0008\0002\000:\000\040\000F\000i\000n\000e\000\040\000S\000t\000r\000u\000c\000t\000u\000r\000e\000\040\000C\000o\000n\000s\000t\000a\000n\000t\000\040\000\050\0009\0009\000.\0008\0005\000\045\000\040\000A\000c\000c\000u\000r\000a\000c\000y\000\051}{appendix.Alph37}% 206
\BOOKMARK [2][-]{subsection.Alph37.4}{\376\377\000Q\000W\000-\0004\0008\0003\000:\000\040\000F\000r\000a\000c\000t\000a\000l\000\040\000D\000i\000m\000e\000n\000s\000i\000o\000n}{appendix.Alph37}% 207
\BOOKMARK [2][-]{subsection.Alph37.5}{\376\377\000Q\000W\000-\0004\0008\0004\000:\000\040\000P\000r\000o\000t\000o\000n\000\040\000L\000i\000f\000e\000t\000i\000m\000e}{appendix.Alph37}% 208
\BOOKMARK [1][-]{appendix.Alph38}{\376\377\000T\000h\000e\000\040\000S\000c\000a\000l\000e\000\040\000A\000s\000s\000i\000g\000n\000m\000e\000n\000t\000\040\000S\000u\000i\000t\000e\000\040\000\050\000Q\000W\000-\0004\0008\0005\000\040\000t\000o\000\040\000Q\000W\000-\0004\0008\0009\000\051}{part.14}% 209
\BOOKMARK [1][-]{appendix.Alph39}{\376\377\000T\000h\000e\000\040\000T\000u\000r\000b\000u\000l\000e\000n\000c\000e\000\040\000F\000a\000l\000s\000i\000f\000i\000c\000a\000t\000i\000o\000n\000\040\000S\000u\000i\000t\000e\000\040\000\050\000Q\000W\000-\0004\0009\0005\000\040\000t\000o\000\040\000Q\000W\000-\0005\0009\0009\000\051}{part.14}% 210
\BOOKMARK [2][-]{subsection.Alph39.1}{\376\377\000Q\000W\000-\0004\0009\0005\000:\000\040\000R\000e\000y\000n\000o\000l\000d\000s\000\040\000N\000u\000m\000b\000e\000r\000\040\000T\000e\000s\000t}{appendix.Alph39}% 211
\BOOKMARK [2][-]{subsection.Alph39.2}{\376\377\000Q\000W\000-\0005\0009\0009\000:\000\040\000P\000o\000w\000e\000r\000\040\000S\000p\000e\000c\000t\000r\000u\000m\000\040\000A\000n\000a\000l\000y\000s\000i\000s}{appendix.Alph39}% 212
\BOOKMARK [2][-]{subsection.Alph39.3}{\376\377\000P\000o\000s\000t\000-\000F\000a\000l\000s\000i\000f\000i\000c\000a\000t\000i\000o\000n\000\040\000S\000t\000u\000d\000i\000e\000s}{appendix.Alph39}% 213
\BOOKMARK [2][-]{subsection.Alph39.4}{\376\377\000R\000e\000v\000i\000s\000e\000d\000\040\000M\000o\000d\000e\000l\000\040\000o\000f\000\040\000V\000a\000c\000u\000u\000m}{appendix.Alph39}% 214
\BOOKMARK [1][-]{appendix.Alph40}{\376\377\000T\000h\000e\000\040\000O\000c\000t\000a\000v\000e\000-\000L\000a\000y\000e\000r\000\040\000S\000u\000i\000t\000e\000\040\000\050\000Q\000W\000-\0005\0005\0003\000\040\000t\000o\000\040\000Q\000W\000-\0005\0005\0007\000\051}{part.14}% 215
\BOOKMARK [2][-]{subsection.Alph40.1}{\376\377\000Q\000W\000-\0005\0005\0007\000:\000\040\000S\000c\000a\000l\000i\000n\000g\000\040\000U\000n\000i\000v\000e\000r\000s\000a\000l\000i\000t\000y\000\040\000T\000e\000s\000t}{appendix.Alph40}% 216
\BOOKMARK [2][-]{subsection.Alph40.2}{\376\377\000Q\000W\000-\0005\0005\0003\000:\000\040\000M\000u\000l\000t\000i\000-\000L\000a\000y\000e\000r\000\040\000G\000r\000a\000v\000i\000t\000y}{appendix.Alph40}% 217
\BOOKMARK [2][-]{subsection.Alph40.3}{\376\377\000Q\000W\000-\0006\0001\0001\000:\000\040\000O\000c\000t\000a\000v\000e\000s\000\040\000v\000s\000\040\000F\000r\000a\000c\000t\000a\000l\000\040\000L\000a\000y\000e\000r\000s}{appendix.Alph40}% 218
\BOOKMARK [0][-]{part.15}{\376\377\000X\000V\000\040\000T\000h\000e\000\040\000T\000o\000p\000o\000l\000o\000g\000i\000c\000a\000l\000\040\000M\000a\000s\000s\000\040\000G\000e\000n\000e\000s\000i\000s\000\040\000C\000a\000m\000p\000a\000i\000g\000n\000:\000\040\000Q\000W\000-\0001\0000\0009\0007\000\040\000t\000o\000\040\000Q\000W\000-\0001\0001\0006\0000}{}% 219
\BOOKMARK [1][-]{appendix.Alph41}{\376\377\000P\000h\000a\000s\000e\000\040\0001\000:\000\040\000E\000m\000e\000r\000g\000e\000n\000t\000\040\000P\000a\000r\000t\000i\000c\000l\000e\000\040\000P\000o\000s\000i\000t\000i\000o\000n\000s\000\040\000\050\000Q\000W\000-\0001\0000\0009\0007\000\040\000t\000o\000\040\000Q\000W\000-\0001\0001\0001\0006\000\051}{part.15}% 220
\BOOKMARK [2][-]{subsection.Alph41.1}{\376\377\000Q\000W\000-\0001\0000\0009\0007\000:\000\040\000B\000o\000h\000r\000\040\000Q\000u\000a\000n\000t\000i\000z\000a\000t\000i\000o\000n\000\040\000f\000r\000o\000m\000\040\000K\000\050\000d\000\051}{appendix.Alph41}% 221
\BOOKMARK [2][-]{subsection.Alph41.2}{\376\377\000Q\000W\000-\0001\0000\0009\0008\000\040\000t\000o\000\040\000Q\000W\000-\0001\0001\0000\0005\000:\000\040\000W\000i\000n\000d\000i\000n\000g\000\040\000N\000u\000m\000b\000e\000r\000\040\000A\000n\000a\000l\000y\000s\000i\000s}{appendix.Alph41}% 222
\BOOKMARK [2][-]{subsection.Alph41.3}{\376\377\000Q\000W\000-\0001\0001\0000\0006\000\040\000t\000o\000\040\000Q\000W\000-\0001\0001\0001\0006\000:\000\040\0004\000-\000B\000i\000t\000\040\000I\000n\000f\000o\000r\000m\000a\000t\000i\000o\000n\000\040\000S\000t\000a\000t\000e\000s}{appendix.Alph41}% 223
\BOOKMARK [1][-]{appendix.Alph42}{\376\377\000P\000h\000a\000s\000e\000\040\0002\000:\000\040\000U\000n\000i\000v\000e\000r\000s\000a\000l\000\040\000M\000a\000s\000s\000\040\000F\000o\000r\000m\000u\000l\000a\000\040\000\050\000Q\000W\000-\0001\0001\0003\0007\000\040\000t\000o\000\040\000Q\000W\000-\0001\0001\0005\0008\000\051}{part.15}% 224
\BOOKMARK [2][-]{subsection.Alph42.1}{\376\377\000Q\000W\000-\0001\0001\0003\0007\000\040\000t\000o\000\040\000Q\000W\000-\0001\0001\0004\0005\000:\000\040\000M\000a\000s\000s\000-\000C\000o\000m\000p\000l\000e\000x\000i\000t\000y\000\040\000R\000e\000l\000a\000t\000i\000o\000n}{appendix.Alph42}% 225
\BOOKMARK [2][-]{subsection.Alph42.2}{\376\377\000Q\000W\000-\0001\0001\0004\0006\000\040\000t\000o\000\040\000Q\000W\000-\0001\0001\0005\0002\000:\000\040\000F\000i\000b\000o\000n\000a\000c\000c\000i\000\040\000P\000a\000t\000t\000e\000r\000n\000\040\000D\000i\000s\000c\000o\000v\000e\000r\000y}{appendix.Alph42}% 226
\BOOKMARK [2][-]{subsection.Alph42.3}{\376\377\000Q\000W\000-\0001\0001\0005\0003\000\040\000t\000o\000\040\000Q\000W\000-\0001\0001\0005\0008\000:\000\040\000T\000a\000u\000-\000C\000h\000a\000r\000m\000\040\000S\000y\000m\000m\000e\000t\000r\000y}{appendix.Alph42}% 227
\BOOKMARK [1][-]{appendix.Alph43}{\376\377\000P\000h\000a\000s\000e\000\040\0003\000:\000\040\000F\000i\000n\000a\000l\000\040\000V\000e\000r\000i\000f\000i\000c\000a\000t\000i\000o\000n\000\040\000\050\000Q\000W\000-\0001\0001\0005\0009\000\040\000t\000o\000\040\000Q\000W\000-\0001\0001\0006\0000\000\051}{part.15}% 228
\BOOKMARK [2][-]{subsection.Alph43.1}{\376\377\000Q\000W\000-\0001\0001\0005\0009\000:\000\040\000M\000a\000s\000s\000\040\000G\000e\000n\000e\000r\000a\000t\000i\000o\000n\000\040\000S\000t\000u\000d\000y}{appendix.Alph43}% 229
\BOOKMARK [2][-]{subsection.Alph43.2}{\376\377\000Q\000W\000-\0001\0001\0006\0000\000:\000\040\000S\000c\000a\000l\000e\000\040\000I\000n\000v\000a\000r\000i\000a\000n\000c\000e\000\040\000V\000e\000r\000i\000f\000i\000c\000a\000t\000i\000o\000n}{appendix.Alph43}% 230
\BOOKMARK [1][-]{appendix.Alph44}{\376\377\000T\000h\000e\000\040\000T\000o\000r\000u\000s\000\040\000K\000n\000o\000t\000\040\000H\000y\000p\000o\000t\000h\000e\000s\000i\000s}{part.15}% 231
\BOOKMARK [0][-]{part.16}{\376\377\000X\000V\000I\000\040\000T\000h\000e\000\040\000E\000m\000e\000r\000g\000e\000n\000t\000\040\000O\000b\000s\000e\000r\000v\000e\000r\000:\000\040\000Q\000W\000-\0006\0008\0004\000\040\000t\000o\000\040\000Q\000W\000-\0006\0009\0002}{}% 232
\BOOKMARK [1][-]{appendix.Alph45}{\376\377\000T\000h\000e\000\040\000O\000b\000s\000e\000r\000v\000e\000r\000\040\000P\000r\000o\000b\000l\000e\000m\000\040\000i\000n\000\040\000F\000I\000N\000\040\000T\000h\000e\000o\000r\000y}{part.16}% 233
\BOOKMARK [1][-]{appendix.Alph46}{\376\377\000Q\000W\000-\0006\0008\0004\000:\000\040\000O\000b\000s\000e\000r\000v\000e\000r\000\040\000E\000n\000t\000r\000o\000p\000y\000\040\000D\000e\000p\000e\000n\000d\000e\000n\000c\000e}{part.16}% 234
\BOOKMARK [1][-]{appendix.Alph47}{\376\377\000Q\000W\000-\0006\0008\0007\000:\000\040\000S\000c\000a\000l\000e\000-\000C\000l\000a\000s\000s\000i\000c\000a\000l\000i\000t\000y\000\040\000C\000o\000r\000r\000e\000l\000a\000t\000i\000o\000n}{part.16}% 235
\BOOKMARK [1][-]{appendix.Alph48}{\376\377\000Q\000W\000-\0006\0009\0001\000:\000\040\000I\000n\000t\000e\000r\000-\000L\000a\000y\000e\000r\000\040\000H\000o\000r\000i\000z\000o\000n}{part.16}% 236
\BOOKMARK [1][-]{appendix.Alph49}{\376\377\000Q\000W\000-\0006\0009\0002\000:\000\040\000T\000h\000e\000\040\000L\000a\000b\000o\000r\000a\000t\000o\000r\000y\000\040\000P\000a\000r\000a\000d\000o\000x}{part.16}% 237
\BOOKMARK [1][-]{appendix.Alph50}{\376\377\000S\000u\000m\000m\000a\000r\000y\000:\000\040\000E\000m\000e\000r\000g\000e\000n\000t\000\040\000O\000b\000s\000e\000r\000v\000e\000r\000\040\000P\000a\000r\000a\000d\000i\000g\000m}{part.16}% 238
\BOOKMARK [0][-]{part.17}{\376\377\000X\000V\000I\000I\000\040\000C\000o\000m\000p\000l\000e\000t\000e\000\040\000Q\000W\000\040\000S\000t\000u\000d\000y\000\040\000I\000n\000d\000e\000x}{}% 239
\BOOKMARK [1][-]{appendix.Alph51}{\376\377\000F\000o\000u\000n\000d\000a\000t\000i\000o\000n\000a\000l\000\040\000S\000t\000u\000d\000i\000e\000s\000\040\000\050\000Q\000W\000-\0001\000\040\000t\000o\000\040\000Q\000W\000-\0001\0000\0000\000\051}{part.17}% 240
\BOOKMARK [1][-]{appendix.Alph52}{\376\377\000P\000r\000e\000c\000i\000s\000i\000o\000n\000\040\000a\000n\000d\000\040\000H\000i\000e\000r\000a\000r\000c\000h\000y\000\040\000S\000t\000u\000d\000i\000e\000s\000\040\000\050\000Q\000W\000-\0004\0000\0000\000\040\000t\000o\000\040\000Q\000W\000-\0006\0000\0000\000\051}{part.17}% 241
\BOOKMARK [1][-]{appendix.Alph53}{\376\377\000O\000b\000s\000e\000r\000v\000e\000r\000\040\000a\000n\000d\000\040\000M\000a\000s\000s\000\040\000S\000t\000u\000d\000i\000e\000s\000\040\000\050\000Q\000W\000-\0006\0000\0000\000\040\000t\000o\000\040\000Q\000W\000-\0001\0000\0000\0000\000\051}{part.17}% 242
\BOOKMARK [1][-]{appendix.Alph54}{\376\377\000T\000o\000p\000o\000l\000o\000g\000i\000c\000a\000l\000\040\000M\000a\000s\000s\000\040\000G\000e\000n\000e\000s\000i\000s\000\040\000\050\000Q\000W\000-\0001\0000\0009\0007\000\040\000t\000o\000\040\000Q\000W\000-\0001\0001\0006\0000\000\051}{part.17}% 243
\BOOKMARK [0][-]{part.18}{\376\377\000X\000V\000I\000I\000I\000\040\000F\000u\000t\000u\000r\000e\000\040\000D\000i\000r\000e\000c\000t\000i\000o\000n\000s\000\040\000a\000n\000d\000\040\000O\000p\000e\000n\000\040\000Q\000u\000e\000s\000t\000i\000o\000n\000s}{}% 244
\BOOKMARK [1][-]{appendix.Alph55}{\376\377\000C\000o\000n\000f\000i\000r\000m\000e\000d\000\040\000A\000c\000h\000i\000e\000v\000e\000m\000e\000n\000t\000s\000\040\000o\000f\000\040\000F\000I\000N\000\040\000T\000h\000e\000o\000r\000y}{part.18}% 245
\BOOKMARK [2][-]{subsection.Alph55.1}{\376\377\000V\000e\000r\000i\000f\000i\000e\000d\000\040\000P\000r\000e\000d\000i\000c\000t\000i\000o\000n\000s}{appendix.Alph55}% 246
\BOOKMARK [2][-]{subsection.Alph55.2}{\376\377\000K\000e\000y\000\040\000I\000n\000s\000i\000g\000h\000t\000s}{appendix.Alph55}% 247
\BOOKMARK [1][-]{appendix.Alph56}{\376\377\000O\000p\000e\000n\000\040\000Q\000u\000e\000s\000t\000i\000o\000n\000s\000\040\000f\000o\000r\000\040\000F\000u\000t\000u\000r\000e\000\040\000R\000e\000s\000e\000a\000r\000c\000h}{part.18}% 248
\BOOKMARK [2][-]{subsection.Alph56.1}{\376\377\000T\000h\000e\000o\000r\000e\000t\000i\000c\000a\000l\000\040\000G\000a\000p\000s}{appendix.Alph56}% 249
\BOOKMARK [2][-]{subsection.Alph56.2}{\376\377\000E\000x\000p\000e\000r\000i\000m\000e\000n\000t\000a\000l\000\040\000P\000r\000e\000d\000i\000c\000t\000i\000o\000n\000s}{appendix.Alph56}% 250
\BOOKMARK [1][-]{appendix.Alph57}{\376\377\000S\000u\000g\000g\000e\000s\000t\000e\000d\000\040\000F\000u\000t\000u\000r\000e\000\040\000S\000t\000u\000d\000i\000e\000s}{part.18}% 251
\BOOKMARK [2][-]{subsection.Alph57.1}{\376\377\000Q\000W\000-\0001\0002\0000\0000\000\040\000S\000e\000r\000i\000e\000s\000:\000\040\000K\000n\000o\000t\000\040\000D\000y\000n\000a\000m\000i\000c\000s}{appendix.Alph57}% 252
\BOOKMARK [2][-]{subsection.Alph57.2}{\376\377\000Q\000W\000-\0001\0003\0000\0000\000\040\000S\000e\000r\000i\000e\000s\000:\000\040\000Q\000u\000a\000n\000t\000u\000m\000\040\000G\000r\000a\000v\000i\000t\000y\000\040\000T\000e\000s\000t\000s}{appendix.Alph57}% 253
\BOOKMARK [2][-]{subsection.Alph57.3}{\376\377\000Q\000W\000-\0001\0004\0000\0000\000\040\000S\000e\000r\000i\000e\000s\000:\000\040\000C\000o\000s\000m\000o\000l\000o\000g\000i\000c\000a\000l\000\040\000I\000m\000p\000l\000i\000c\000a\000t\000i\000o\000n\000s}{appendix.Alph57}% 254
\BOOKMARK [1][-]{appendix.Alph58}{\376\377\000M\000e\000t\000h\000o\000d\000o\000l\000o\000g\000i\000c\000a\000l\000\040\000S\000t\000a\000n\000d\000a\000r\000d\000s\000\040\000f\000o\000r\000\040\000F\000u\000t\000u\000r\000e\000\040\000W\000o\000r\000k}{part.18}% 255
\BOOKMARK [2][-]{subsection.Alph58.1}{\376\377\000T\000h\000e\000\040\000Z\000e\000r\000o\000-\000F\000i\000t\000t\000i\000n\000g\000\040\000P\000r\000o\000t\000o\000c\000o\000l}{appendix.Alph58}% 256
\BOOKMARK [2][-]{subsection.Alph58.2}{\376\377\000F\000a\000l\000s\000i\000f\000i\000c\000a\000t\000i\000o\000n\000\040\000R\000e\000q\000u\000i\000r\000e\000m\000e\000n\000t\000s}{appendix.Alph58}% 257
\BOOKMARK [2][-]{subsection.Alph58.3}{\376\377\000D\000o\000c\000u\000m\000e\000n\000t\000a\000t\000i\000o\000n\000\040\000S\000t\000a\000n\000d\000a\000r\000d\000s}{appendix.Alph58}% 258
\BOOKMARK [0][-]{part.19}{\376\377\000X\000I\000X\000\040\000C\000r\000i\000t\000i\000c\000a\000l\000\040\000Q\000u\000e\000s\000t\000i\000o\000n\000s\000\040\000a\000n\000d\000\040\000H\000o\000n\000e\000s\000t\000\040\000A\000s\000s\000e\000s\000s\000m\000e\000n\000t}{}% 259
\BOOKMARK [1][-]{appendix.Alph59}{\376\377\000Q\0001\000:\000\040\000F\000e\000r\000m\000i\000o\000n\000\040\000S\000p\000i\000n\000\040\000f\000r\000o\000m\000\040\000S\000c\000a\000l\000a\000r\000\040\000F\000i\000e\000l\000d\000s}{part.19}% 260
\BOOKMARK [1][-]{appendix.Alph60}{\376\377\000Q\0002\000:\000\040\000G\000r\000a\000v\000i\000t\000a\000t\000i\000o\000n\000a\000l\000\040\000E\000x\000p\000o\000n\000e\000n\000t\000\040\0002\000.\0002\0006\000\040\000v\000s\000\040\000S\000o\000l\000a\000r\000\040\000S\000y\000s\000t\000e\000m\000\040\000T\000e\000s\000t\000s}{part.19}% 261
\BOOKMARK [1][-]{appendix.Alph61}{\376\377\000Q\0003\000:\000\040\000F\000i\000n\000e\000\040\000S\000t\000r\000u\000c\000t\000u\000r\000e\000\040\000C\000o\000n\000s\000t\000a\000n\000t\000\040\000P\000r\000e\000c\000i\000s\000i\000o\000n\000\040\000\050\0000\000.\0001\0005\000\045\000\040\000E\000r\000r\000o\000r\000\051}{part.19}% 262
\BOOKMARK [1][-]{appendix.Alph62}{\376\377\000Q\0004\000:\000\040\000T\000o\000p\000o\000l\000o\000g\000i\000c\000a\000l\000\040\000C\000h\000a\000r\000g\000e\000\040\000A\000s\000s\000i\000g\000n\000m\000e\000n\000t\000\040\000\050\000F\000i\000t\000t\000i\000n\000g\000\040\000v\000s\000\040\000D\000e\000r\000i\000v\000a\000t\000i\000o\000n\000\051}{part.19}% 263
\BOOKMARK [1][-]{appendix.Alph63}{\376\377\000Q\0005\000:\000\040\000L\000o\000r\000e\000n\000t\000z\000\040\000I\000n\000v\000a\000r\000i\000a\000n\000c\000e\000\040\000o\000n\000\040\000a\000\040\000L\000a\000t\000t\000i\000c\000e}{part.19}% 264
\BOOKMARK [1][-]{appendix.Alph64}{\376\377\000Q\0006\000:\000\040\000C\000K\000M\000\040\000a\000n\000d\000\040\000P\000M\000N\000S\000\040\000M\000i\000x\000i\000n\000g\000\040\000M\000a\000t\000r\000i\000c\000e\000s}{part.19}% 265
\BOOKMARK [1][-]{appendix.Alph65}{\376\377\000Q\0007\000:\000\040\000B\000e\000l\000l\000\040\000I\000n\000e\000q\000u\000a\000l\000i\000t\000y\000\040\000a\000n\000d\000\040\000Q\000u\000a\000n\000t\000u\000m\000\040\000M\000e\000c\000h\000a\000n\000i\000c\000s}{part.19}% 266
\BOOKMARK [1][-]{appendix.Alph66}{\376\377\000Q\0008\000:\000\040\000O\000r\000i\000g\000i\000n\000\040\000o\000f\000\040\000F\000r\000o\000z\000e\000n\000\040\000P\000a\000r\000a\000m\000e\000t\000e\000r\000s}{part.19}% 267
\BOOKMARK [1][-]{appendix.Alph67}{\376\377\000S\000u\000m\000m\000a\000r\000y\000:\000\040\000C\000u\000r\000r\000e\000n\000t\000\040\000S\000t\000a\000t\000u\000s\000\040\000o\000f\000\040\000F\000I\000N\000\040\000T\000h\000e\000o\000r\000y}{part.19}% 268
\BOOKMARK [0][-]{part.20}{\376\377\000X\000X\000\040\000E\000x\000t\000e\000n\000d\000e\000d\000\040\000M\000a\000t\000h\000e\000m\000a\000t\000i\000c\000a\000l\000\040\000F\000r\000a\000m\000e\000w\000o\000r\000k}{}% 269
\BOOKMARK [1][-]{appendix.Alph68}{\376\377\000T\000h\000e\000\040\000F\000u\000l\000l\000\040\000L\000a\000g\000r\000a\000n\000g\000i\000a\000n\000\040\000D\000e\000n\000s\000i\000t\000y}{part.20}% 270
\BOOKMARK [1][-]{appendix.Alph69}{\376\377\000T\000h\000e\000\040\000H\000a\000m\000i\000l\000t\000o\000n\000i\000a\000n}{part.20}% 271
\BOOKMARK [1][-]{appendix.Alph70}{\376\377\000T\000h\000e\000\040\000K\000e\000r\000n\000e\000l\000\040\000M\000a\000t\000r\000i\000x}{part.20}% 272
\BOOKMARK [1][-]{appendix.Alph71}{\376\377\000T\000h\000e\000\040\000M\000a\000s\000s\000\040\000O\000p\000e\000r\000a\000t\000o\000r}{part.20}% 273
\BOOKMARK [1][-]{appendix.Alph72}{\376\377\000T\000h\000e\000\040\000I\000n\000f\000o\000-\000G\000e\000o\000m\000e\000t\000r\000y\000\040\000T\000e\000n\000s\000o\000r}{part.20}% 274
\BOOKMARK [1][-]{appendix.Alph73}{\376\377\000C\000o\000n\000n\000e\000c\000t\000i\000o\000n\000\040\000t\000o\000\040\000S\000t\000a\000n\000d\000a\000r\000d\000\040\000M\000o\000d\000e\000l}{part.20}% 275
\BOOKMARK [1][-]{appendix.Alph74}{\376\377\000R\000e\000f\000e\000r\000e\000n\000c\000e\000s\000\040\000a\000n\000d\000\040\000R\000e\000s\000o\000u\000r\000c\000e\000s}{part.20}% 276
\BOOKMARK [2][-]{subsection.Alph74.1}{\376\377\000P\000r\000i\000m\000a\000r\000y\000\040\000S\000o\000u\000r\000c\000e\000s}{appendix.Alph74}% 277
\BOOKMARK [2][-]{subsection.Alph74.2}{\376\377\000K\000e\000y\000\040\000S\000t\000u\000d\000y\000\040\000F\000i\000l\000e\000s}{appendix.Alph74}% 278
\BOOKMARK [2][-]{subsection.Alph74.3}{\376\377\000R\000e\000l\000e\000a\000s\000e\000\040\000H\000i\000s\000t\000o\000r\000y}{appendix.Alph74}% 279
\BOOKMARK [0][-]{part*.27}{\376\377\000A\000p\000p\000e\000n\000d\000i\000c\000e\000s}{}% 280
\BOOKMARK [1][-]{appendix.A}{\376\377\000A\000p\000p\000e\000n\000d\000i\000x\000\040\000A\000:\000\040\000A\000l\000l\000\040\000F\000r\000o\000z\000e\000n\000\040\000P\000a\000r\000a\000m\000e\000t\000e\000r\000s}{part*.27}% 281
\BOOKMARK [1][-]{appendix.B}{\376\377\000A\000p\000p\000e\000n\000d\000i\000x\000\040\000B\000:\000\040\000E\000x\000e\000c\000u\000t\000i\000v\000e\000\040\000S\000u\000m\000m\000a\000r\000y\000\040\000o\000f\000\040\000R\000e\000s\000u\000l\000t\000s}{part*.27}% 282
\BOOKMARK [1][-]{appendix.C}{\376\377\000A\000p\000p\000e\000n\000d\000i\000x\000\040\000C\000:\000\040\000L\000i\000s\000t\000\040\000o\000f\000\040\000F\000a\000l\000s\000i\000f\000i\000e\000d\000\040\000H\000y\000p\000o\000t\000h\000e\000s\000e\000s}{part*.27}% 283
\BOOKMARK [1][-]{appendix.D}{\376\377\000A\000p\000p\000e\000n\000d\000i\000x\000\040\000D\000:\000\040\000D\000e\000r\000i\000v\000a\000t\000i\000o\000n\000\040\000H\000i\000e\000r\000a\000r\000c\000h\000y}{part*.27}% 284
\BOOKMARK [1][-]{appendix.E}{\376\377\000A\000p\000p\000e\000n\000d\000i\000x\000\040\000E\000:\000\040\000C\000o\000m\000p\000l\000e\000t\000e\000\040\000Q\000W\000\040\000S\000t\000u\000d\000y\000\040\000C\000o\000u\000n\000t}{part*.27}% 285
\BOOKMARK [1][-]{appendix.F}{\376\377\000A\000p\000p\000e\000n\000d\000i\000x\000\040\000F\000:\000\040\000S\000t\000r\000u\000c\000t\000u\000r\000a\000l\000\040\000M\000a\000t\000t\000e\000r\000\040\000\046\000\040\000D\000y\000n\000a\000m\000i\000c\000s\000\040\000\050\000P\000h\000a\000s\000e\000\040\000I\000I\000I\000\040\000R\000e\000s\000u\000l\000t\000s\000\051}{part*.27}% 286
\BOOKMARK [2][-]{subsection.F.1}{\376\377\000F\0001\000.\000\040\000T\000h\000e\000\040\000C\000o\000m\000p\000o\000s\000i\000t\000e\000\040\000S\000t\000r\000u\000c\000t\000u\000r\000e\000\040\000o\000f\000\040\000t\000h\000e\000\040\000E\000l\000e\000c\000t\000r\000o\000n\000\040\000\050\000Q\000W\000-\0001\0002\0000\0006\000\051}{appendix.F}% 287
\BOOKMARK [2][-]{subsection.F.2}{\376\377\000F\0002\000.\000\040\000O\000r\000i\000g\000i\000n\000\040\000o\000f\000\040\000G\000e\000n\000e\000r\000a\000t\000i\000o\000n\000s\000\040\000v\000i\000a\000\040\000S\000y\000m\000m\000e\000t\000r\000y\000\040\000B\000r\000e\000a\000k\000i\000n\000g\000\040\000\050\000Q\000W\000-\0001\0002\0001\0003\000\051}{appendix.F}% 288
\BOOKMARK [2][-]{subsection.F.3}{\376\377\000F\0003\000.\000\040\000D\000y\000n\000a\000m\000i\000c\000s\000\040\000o\000f\000\040\000W\000e\000a\000k\000\040\000D\000e\000c\000a\000y\000\040\000\050\000Q\000W\000-\0001\0004\0000\0000\000\051}{appendix.F}% 289
\BOOKMARK [2][-]{subsection.F.4}{\376\377\000F\0004\000.\000\040\000E\000m\000e\000r\000g\000e\000n\000t\000\040\000E\000l\000e\000c\000t\000r\000o\000d\000y\000n\000a\000m\000i\000c\000s\000\040\000\050\000Q\000W\000-\0001\0003\0000\0003\000\051}{appendix.F}% 290
