{
  "task": "MP7-017",
  "scientific_state": "PROVED_INTERVAL_ASSISTED_FIRST_GLOBAL_TRANSITION",
  "event_g_box": [
    "3.7183448971203875136738542882050261929327867539951469340619588641",
    "3.7183448991203875136738542882050261929327867539951469340619590691"
  ],
  "event_stationary_energy_certificate": "R7P-026 unique localized stationary root with Phi=0 in 5D (s,g) box",
  "stationary_branch_tubes": [
    {
      "name": "localized",
      "center": [
        "1.8199035812800826819822480178121342435982336721310810090020998780763064609584044",
        "1.913989554668724069168085666543038936067500902854738821744231797223957865772187",
        "1.9145691325468480852004194017926659228466406696979230536671533801107114705849972",
        "1.3672032801955039010722866317201310219815198708780051311268100569748472337312912"
      ],
      "sbox": [
        [
          1.8199035712800824,
          1.8199035912800827
        ],
        [
          1.9139895446687238,
          1.9139895646687242
        ],
        [
          1.9145691225468477,
          1.9145691425468483
        ],
        [
          1.3672032701955035,
          1.367203290195504
        ]
      ],
      "krawczyk": [
        [
          1.81990358007846,
          1.8199035824817051
        ],
        [
          1.9139895533895466,
          1.9139895559479014
        ],
        [
          1.914569131196633,
          1.914569133897063
        ],
        [
          1.3672032792320752,
          1.3672032811589323
        ]
      ],
      "strict_inclusion": true,
      "phi_over_tube": [
        -4.034232753246908e-08,
        4.0342327639261655e-08
      ]
    },
    {
      "name": "saddle",
      "center": [
        "0.94095706732145598370235972601656530792996863369826142199106941770047056031380325",
        "1.0014394023775534521634885411432987773244971590672344233858660675753907660169421",
        "0.96210885362824072399487248145460619569949494860256637336151686685255682708110341",
        "0.68641498399505908308863631187114693061009135280823662225739246631047077707614156"
      ],
      "sbox": [
        [
          0.9409570573214558,
          0.9409570773214561
        ],
        [
          1.001439392377553,
          1.0014394123775536
        ],
        [
          0.9621088436282406,
          0.9621088636282408
        ],
        [
          0.6864149739950589,
          0.6864149939950591
        ]
      ],
      "krawczyk": [
        [
          0.940957066239093,
          0.9409570684038188
        ],
        [
          1.0014394011767105,
          1.0014394035783962
        ],
        [
          0.9621088525211404,
          0.9621088547353409
        ],
        [
          0.6864149828084561,
          0.6864149851816619
        ]
      ],
      "strict_inclusion": true,
      "phi_over_tube": [
        0.046555431928778354,
        0.04655548712855919
      ]
    }
  ],
  "global_exhaustion_records": 253,
  "status_counts": {
    "SPLIT": 126,
    "TERMINAL_UNIFORM": 1,
    "EXCLUDED": 121,
    "TERMINAL_SADDLE": 4,
    "TERMINAL_LOCALIZED": 1
  },
  "max_depth": 76,
  "uniform_banach_q_upper": 0.7257534469134589,
  "uniform_banach_rows": [
    0.6077656718317057,
    0.6815630480164006,
    0.7122509903934937,
    0.7257534469134589
  ],
  "saddle_energy_lower_over_event_box": 0.046555431928778354,
  "event_global_minimizers_aligned": [
    "uniform",
    "localized"
  ],
  "localized_full_D12_orbit_size": 12,
  "first_transition_argument": "at g_eq all primal energies are >=0; for any g<g_eq, V_g(p)=V_geq(p)+(g_eq-g)||X7^T p||^2/2, so every nonuniform p has positive energy; R7P-028 gives negative localized branch slope through the event",
  "conclusion": "for each supplied strict spectral tuple, its certified local equal-energy event is the first global transition: uniform is unique global below it, and at it the uniform state and the 12 localized D12 images are global minimizers",
  "scope": "finite supplied FIN rank-seven model; no physical gain provenance or selector"
}
