{
  "acyclic": true,
  "node_count": 26,
  "edge_count": 35,
  "topological_order": [
    "MODEL",
    "FINITE_N",
    "FOLD_COEFF",
    "FOLD_REMAINDER",
    "DYNAMICS",
    "GAUSSIAN",
    "FLUCT",
    "METRIC_INV",
    "PHASE60",
    "PHASE60_NOT_FULL",
    "PHASE_POS",
    "PHASE_INEQ",
    "PHASE_EQ",
    "ANGULAR_STAB",
    "MIN_REDUCTION",
    "RESPONSE",
    "BRANCH_THERMO",
    "ROBUSTNESS",
    "SUPPORTS",
    "BOUNDARY_EXCL",
    "G37_LOCAL",
    "G37_GLOBAL",
    "TARGET_P",
    "SOFT_MODE",
    "X7_BRIDGE",
    "SCOPE_MAP"
  ]
}
