{
  "MP7-034": {
    "task": "MP7-034",
    "scientific_state": "PROVED_INTERVAL_ASSISTED_LOCAL_CAP_WEIGHTS",
    "inputs": {
      "certificates/R7P-026_equal_energy_event.json": "cff8f5e7ad4cb42e60946bb075689cc3639b999e5c6faf39ecaf51a72c821da4",
      "certificates/R7P-027_localized_full_stability.json": "8a075b2795f252973ce7eeea57b16c33038a6a398c9d0aa54e3eed4438ac747f",
      "certificates/R7P-028_crossing_transversality.json": "cb354a263a672eff0f366c1dc1076af691fe969a5cfb5ec868dd9002fe61cddd"
    },
    "g_event_box": [
      3.7183448971203874,
      3.718344899120387
    ],
    "det_G7_uniform": [
      0.00035424822994248567,
      0.00035424823279617246
    ],
    "det_G7_localized": [
      0.1725430228889216,
      0.1725430740419904
    ],
    "laplace_prefactor_uniform_detG_minus_half": [
      53.130775359864636,
      53.13077557386513
    ],
    "laplace_prefactor_single_localized_detG_minus_half": [
      2.4074165089988884,
      2.407416865856938
    ],
    "localized_D12_orbit_size": 12,
    "stabilizer_order": 2,
    "stabilizer_reason": "all four aligned modes active; mode k=5 kills every nontrivial translation, reflection j->-j remains; any second reflection would imply a forbidden translation",
    "numerical_unique_translation_images": 12,
    "minimum_orbit_center_distance_check": 4.629495356345425,
    "total_localized_family_to_uniform_gaussian_weight_ratio_at_equal_energy": [
      0.5437337926269059,
      0.5437338754161343
    ],
    "log_prefactor_multiplicity_constant_A": [
      -0.609295503686632,
      -0.6092953514260531
    ],
    "root_box_full_H7_strong_convexity_lower_bound": 0.10582542456224713,
    "root_box_H4_mid_eigs": [
      0.10582543908959353,
      0.21421338298224865,
      0.24018691642945803,
      0.24711119495927836
    ],
    "root_box_Hsin_mid_eigs": [
      0.21516404345129267,
      0.23462074626318233,
      0.2584849232402791
    ],
    "root_box_matrix_radius_errors": [
      1.4527346409165531e-08,
      3.8995321815366024e-10
    ],
    "explicit_cap_radius_about_exact_root": 4.999327618548932e-10,
    "explicit_local_cap_boundary_gap_lower_bound": 1.3224620556871226e-20,
    "scope": "mediator-space local caps; no global complement mass claim"
  },
  "MP7-035": {
    "task": "MP7-035",
    "scientific_state": "PROVED_LOCAL_ASYMPTOTIC_LEADING_SHIFT; EXPLICIT_FINITE_N_REMAINDER_OPEN",
    "inputs": [
      "MP7-034",
      "certificates/R7P-028_crossing_transversality.json"
    ],
    "DeltaV_prime_event": [
      -0.45241373217657954,
      -0.4524137306750521
    ],
    "A_equal_energy_log_weight_constant": [
      -0.609295503686632,
      -0.6092953514260531
    ],
    "equal_cap_shift_coefficient_c_in_gN=g_eq+c/N+o(1/N)": [
      1.3467658209548814,
      1.3467661619763278
    ],
    "shift_sign": "positive (toward g above the local equal-energy event)",
    "two_family_logistic_limit": "for g=g_eq+c/N, R_localized_family/uniform -> exp(A-c*DeltaV_prime); conditional two-family share -> R/(1+R)",
    "global_interpretation": false,
    "explicit_finite_N_error_bound": null,
    "remaining_atom": "bound Laplace remainder uniformly in g=g_eq+O(1/N), including outside-core contribution; global complement remains separately open"
  }
}
