{
  "task": "MP7-039",
  "scientific_state": "PROVED_INTERVAL_ASSISTED_LOCAL_TRANSVERSE_CROSSING",
  "navigation_root": [
    0.038434753978898215,
    0.18527206140188868,
    5.171841831942818
  ],
  "navigation_residual_norm": 1.7957098481791167e-19,
  "root_box": [
    [
      0.038434553978898216,
      0.03843495397889821
    ],
    [
      0.18527186140188867,
      0.18527226140188868
    ],
    [
      5.171841631942819,
      5.171842031942818
    ]
  ],
  "krawczyk_image": [
    [
      0.03843475397062249,
      0.038434753987173165
    ],
    [
      0.1852720613940529,
      0.18527206140972433
    ],
    [
      5.1718418319285595,
      5.171841831957076
    ]
  ],
  "strict_inclusion": true,
  "spectral_parameter_scope": "uniform over accepted outward lambda3,lambda4,lambda5,lambda6 intervals",
  "delta45_definition": "(1/g-lambda4/12)(1/g-lambda5/12)-lambda4 lambda5 x^2/144",
  "branch_total_derivative_delta_midpoint": 0.001695886924714291,
  "branch_total_derivative_delta_interval": [
    0.0016957351021672582,
    0.0016960387698923191
  ],
  "branch_transverse_crossing_is_simple": true,
  "critical_dimension": 2,
  "critical_blocks": "one zero eigenvalue in each symmetry-related (4cos,5cos) and (4sin,5sin) block",
  "isotropy": "base period-four reflection-even field has stabilizer <T^4,R> ~= D3 (order 6)",
  "critical_representation": "real 2D standard D3 representation; T^4 acts as rotation by 2pi/3 and reflection acts by conjugation",
  "cubic_invariant": "Re(z^3) is D3-invariant and hence symmetry-allowed",
  "nonconclusion": "This is not a generic one-dimensional pitchfork and no nonlinear branch classification is claimed without cubic/quartic coefficient analysis."
}
